Microchip MPLAB XC8 Compiler V2.40

Linker command line:

-W-3 \
  --edf=C:\Program Files\Microchip\xc8\v2.40\pic\dat\20220703182018_en.msgs \
  -cn -h+dist/default/production\11_Cursor_test_delay.X.production.sym \
  --cmf=dist/default/production\11_Cursor_test_delay.X.production.cmf -z \
  -Q16F877A -oC:\Users\ASUS\AppData\Local\Temp\xcAsl2c.4 \
  --defsym=__MPLAB_BUILD=1 --fixupoverflow=error \
  -Mdist/default/production/11_Cursor_test_delay.X.production.map \
  --md=C:\Users\ASUS\AppData\Local\Temp\xcAsl2c.dat -E1 -ver=XC8 Compiler \
  --acfsm=1493 -ACODE=00h-07FFhx4 -ASTRCODE=00h-01FFFh -ASTRING=00h-0FFhx32 \
  -ACONST=00h-0FFhx32 -AENTRY=00h-0FFhx32 -ACOMMON=070h-07Fh \
  -ABANK0=020h-06Fh -ABANK1=0A0h-0EFh -ABANK2=0110h-016Fh \
  -ABANK3=0190h-01EFh -ARAM=020h-06Fh,0A0h-0EFh,0110h-016Fh,0190h-01EFh \
  -AABS1=020h-07Fh,0A0h-0EFh,0110h-016Fh,0190h-01EFh -ASFR0=00h-01Fh \
  -ASFR1=080h-09Fh -ASFR2=0100h-010Fh -ASFR3=0180h-018Fh \
  -ACONFIG=02007h-02007h -DCONFIG=2 -AIDLOC=02000h-02003h -DIDLOC=2 \
  -AEEDATA=00h-0FFh/02100h -peeprom_data=EEDATA -DEEDATA=2 -DCODE=2 \
  -DSTRCODE=2 -DSTRING=2 -DCONST=2 -DENTRY=2 \
  -preset_vec=00h,intentry,init,end_init -ppowerup=CODE -pcinit=CODE \
  -pfunctab=ENTRY -k C:\Users\ASUS\AppData\Local\Temp\xcAsl2c.o \
  dist/default/production\11_Cursor_test_delay.X.production.o 

Object code version is 3.11

Machine type is 16F877A



                Name                               Link     Load   Length Selector   Space Scale
C:\Users\ASUS\AppData\Local\Temp\xcAsl2c.o
                end_init                              0        0        3        0       0
                config                             2007     2007        1        0       4
dist/default/production\11_Cursor_test_delay.X.production.o
                cinit                               7F9      7F9        7      FF2       0
                config                             2007     2007        1        0       4
                text6                               751      751       20      EA2       0
                text5                               740      740       11      E80       0
                text4                               771      771       31      EE2       0
                text3                               7A2      7A2       57      F44       0
                text2                               726      726        B      E4C       0
                text1                               720      720        6      E40       0
                maintext                            731      731        F      E62       0
                cstackCOMMON                         70       70        7       70       1
                bssCOMMON                            77       77        3       70       1

TOTAL           Name                               Link     Load   Length     Space
        CLASS   CODE           
                end_init                              0        0        3         0
                cinit                               7F9      7F9        7         0
                text6                               751      751       20         0
                text5                               740      740       11         0
                text4                               771      771       31         0
                text3                               7A2      7A2       57         0
                text2                               726      726        B         0
                text1                               720      720        6         0
                maintext                            731      731        F         0

        CLASS   STRCODE        

        CLASS   STRING         

        CLASS   CONST          

        CLASS   ENTRY          

        CLASS   COMMON         
                cstackCOMMON                         70       70        7         1
                bssCOMMON                            77       77        3         1

        CLASS   BANK0          

        CLASS   BANK1          

        CLASS   BANK2          

        CLASS   BANK3          

        CLASS   RAM            

        CLASS   ABS1           
                abs_s1                               7E       7E        2         1

        CLASS   SFR0           

        CLASS   SFR1           

        CLASS   SFR2           

        CLASS   SFR3           

        CLASS   CONFIG         
                config                             2007     2007        1         4

        CLASS   IDLOC          

        CLASS   EEDATA         

        CLASS   STACK          



SEGMENTS        Name                           Load    Length   Top    Selector   Space  Class     Delta

                reset_vec                      000000  000003  000003         0       0  CODE        2
                cstackCOMMON                   000070  00000A  00007A        70       1  COMMON      1
                text1                          000720  000006  000726       E40       0  CODE        2
                text2                          000726  00000B  000731       E4C       0  CODE        2
                maintext                       000731  00000F  000740       E62       0  CODE        2
                text5                          000740  000011  000751       E80       0  CODE        2
                text6                          000751  000020  000771       EA2       0  CODE        2
                text4                          000771  000031  0007A2       EE2       0  CODE        2
                text3                          0007A2  000057  0007F9       F44       0  CODE        2
                cinit                          0007F9  000007  000800       FF2       0  CODE        2


UNUSED ADDRESS RANGES

        Name                Unused          Largest block    Delta
        BANK0            0020-006F             50           1
        BANK1            00A0-00EF             50           1
        BANK2            0110-016F             60           1
        BANK3            0190-01EF             60           1
        CODE             0003-071F            71D           2
                         0800-1FFF            800
        COMMON           007A-007D              4           1
        CONST            0003-071F            100           2
                         0800-1FFF            100
        EEDATA           2100-21FF            100           2
        ENTRY            0003-071F            100           2
                         0800-1FFF            100
        IDLOC            2000-2003              4           2
        RAM              0020-006F             50           1
                         00A0-00EF             50
                         0110-016F             60
                         0190-01EF             60
        SFR0             0000-001F             20           1
        SFR1             0080-009F             20           1
        SFR2             0100-010F             10           1
        SFR3             0180-018F             10           1
        STRCODE          0003-071F            71D           2
                         0800-1FFF           1800
        STRING           0003-071F            100           2
                         0800-1FFF            100

                                  Symbol Table

_PORTD                           (abs)        0008
_RE1                             (abs)        0049
_RE2                             (abs)        004A
_TRISD                           (abs)        0088
_TRISE1                          (abs)        0449
_TRISE2                          (abs)        044A
__Habs1                          abs1         0000
__Hbank0                         bank0        0000
__Hbank1                         bank1        0000
__Hbank2                         bank2        0000
__Hbank3                         bank3        0000
__HbssCOMMON                     bssCOMMON    0000
__Hcinit                         cinit        0800
__Hclrtext                       clrtext      0000
__Hcode                          code         0000
__Hcommon                        common       0000
__Hconfig                        config       2008
__HcstackCOMMON                  cstackCOMMON 0000
__Heeprom_data                   eeprom_data  0000
__Hend_init                      end_init     0003
__Hfunctab                       functab      0000
__Hinit                          init         0000
__Hintentry                      intentry     0000
__Hmaintext                      maintext     0000
__Hpowerup                       powerup      0000
__Hram                           ram          0000
__Hreset_vec                     reset_vec    0000
__Hsfr0                          sfr0         0000
__Hsfr1                          sfr1         0000
__Hsfr2                          sfr2         0000
__Hsfr3                          sfr3         0000
__Hspace_0                       (abs)        0800
__Hspace_1                       (abs)        007A
__Hspace_2                       (abs)        0000
__Hspace_3                       (abs)        0000
__Hspace_4                       (abs)        400F
__Hstack                         stack        0000
__Hstrings                       strings      0000
__Htext                          text         0000
__Labs1                          abs1         0000
__Lbank0                         bank0        0000
__Lbank1                         bank1        0000
__Lbank2                         bank2        0000
__Lbank3                         bank3        0000
__LbssCOMMON                     bssCOMMON    0000
__Lcinit                         cinit        07F9
__Lclrtext                       clrtext      0000
__Lcode                          code         0000
__Lcommon                        common       0000
__Lconfig                        config       0000
__LcstackCOMMON                  cstackCOMMON 0000
__Leeprom_data                   eeprom_data  0000
__Lend_init                      end_init     0000
__Lfunctab                       functab      0000
__Linit                          init         0000
__Lintentry                      intentry     0000
__Lmaintext                      maintext     0000
__Lpowerup                       powerup      0000
__Lram                           ram          0000
__Lreset_vec                     reset_vec    0000
__Lsfr0                          sfr0         0000
__Lsfr1                          sfr1         0000
__Lsfr2                          sfr2         0000
__Lsfr3                          sfr3         0000
__Lspace_0                       (abs)        0000
__Lspace_1                       (abs)        0000
__Lspace_2                       (abs)        0000
__Lspace_3                       (abs)        0000
__Lspace_4                       (abs)        0000
__Lstack                         stack        0000
__Lstrings                       strings      0000
__Ltext                          text         0000
__S0                             (abs)        0800
__S1                             (abs)        007A
__S3                             (abs)        0000
___int_sp                        stack        0000
___latbits                       (abs)        0002
___sp                            stack        0000
___stackhi                       (abs)        0000
___stacklo                       (abs)        0000
__end_of__initialization         cinit        07FC
__end_of_clcd_putch              text5        0751
__end_of_clcd_write              text6        0771
__end_of_cursor_blink            text4        07A2
__end_of_init_clcd               text2        0731
__end_of_init_config             text1        0726
__end_of_init_display_controller text3        07F9
__end_of_main                    maintext     0740
__initialization                 cinit        07F9
__pbssCOMMON                     bssCOMMON    0077
__pcstackCOMMON                  cstackCOMMON 0070
__pmaintext                      maintext     0731
__ptext1                         text1        0720
__ptext2                         text2        0726
__ptext3                         text3        07A2
__ptext4                         text4        0771
__ptext5                         text5        0740
__ptext6                         text6        0751
_clcd_putch                      text5        0740
_clcd_write                      text6        0751
_cursor_blink                    text4        0771
_init_clcd                       text2        0726
_init_config                     text1        0720
_init_display_controller         text3        07A2
_main                            maintext     0731
btemp                            (abs)        007E
clcd_putch@addr                  cstackCOMMON 0074
clcd_putch@data                  cstackCOMMON 0075
clcd_write@byte                  cstackCOMMON 0073
clcd_write@mode                  cstackCOMMON 0070
cursor_blink@blink_delay         bssCOMMON    0077
cursor_blink@pos                 cstackCOMMON 0076
cursor_blink@toggle_cursor       bssCOMMON    0079
end_of_initialization            cinit        07FC
intlevel0                        functab      0000
intlevel1                        functab      0000
intlevel2                        functab      0000
intlevel3                        functab      0000
intlevel4                        functab      0000
intlevel5                        functab      0000
reset_vec                        reset_vec    0000
start                            init         0000
start_initialization             cinit        07F9
wtemp0                           (abs)        007E


MODULE INFORMATION

Module		Function		Class		Link	Load	Size
shared
		__initialization		CODE           	07F9	0000	3

shared estimated size: 3

clcd.c
		_clcd_write    		CODE           	0751	0000	32
		_clcd_putch    		CODE           	0740	0000	17
		_init_display_controller		CODE           	07A2	0000	87
		_init_clcd     		CODE           	0726	0000	11

clcd.c estimated size: 147

main.c
		_cursor_blink  		CODE           	0771	0000	49
		_main          		CODE           	0731	0000	15
		_init_config   		CODE           	0720	0000	6

main.c estimated size: 70

