Microchip MPLAB XC8 Compiler V2.40

Linker command line:

-W-3 \
  --edf=C:\Program Files\Microchip\xc8\v2.40\pic\dat\20220703182018_en.msgs \
  -cn -h+dist/default/production\A9_Temp_sensor_clcd.X.production.sym \
  --cmf=dist/default/production\A9_Temp_sensor_clcd.X.production.cmf -z \
  -Q16F877A -oC:\Users\ASUS\AppData\Local\Temp\xcAsd50.4 \
  --defsym=__MPLAB_BUILD=1 --fixupoverflow=error \
  -Mdist/default/production/A9_Temp_sensor_clcd.X.production.map \
  --md=C:\Users\ASUS\AppData\Local\Temp\xcAsd50.dat -E1 -ver=XC8 Compiler \
  --acfsm=1493 -ACODE=00h-07FFhx4 -ASTRCODE=00h-01FFFh -ASTRING=00h-0FFhx32 \
  -ACONST=00h-0FFhx32 -AENTRY=00h-0FFhx32 -ACOMMON=070h-07Fh \
  -ABANK0=020h-06Fh -ABANK1=0A0h-0EFh -ABANK2=0110h-016Fh \
  -ABANK3=0190h-01EFh -ARAM=020h-06Fh,0A0h-0EFh,0110h-016Fh,0190h-01EFh \
  -AABS1=020h-07Fh,0A0h-0EFh,0110h-016Fh,0190h-01EFh -ASFR0=00h-01Fh \
  -ASFR1=080h-09Fh -ASFR2=0100h-010Fh -ASFR3=0180h-018Fh \
  -ACONFIG=02007h-02007h -DCONFIG=2 -AIDLOC=02000h-02003h -DIDLOC=2 \
  -AEEDATA=00h-0FFh/02100h -peeprom_data=EEDATA -DEEDATA=2 -DCODE=2 \
  -DSTRCODE=2 -DSTRING=2 -DCONST=2 -DENTRY=2 \
  -preset_vec=00h,intentry,init,end_init -ppowerup=CODE -pcinit=CODE \
  -pfunctab=ENTRY -k C:\Users\ASUS\AppData\Local\Temp\xcAsd50.o \
  dist/default/production\A9_Temp_sensor_clcd.X.production.o 

Object code version is 3.11

Machine type is 16F877A



                Name                               Link     Load   Length Selector   Space Scale
C:\Users\ASUS\AppData\Local\Temp\xcAsd50.o
                end_init                              0        0        3        0       0
                config                             2007     2007        1        0       4
dist/default/production\A9_Temp_sensor_clcd.X.production.o
                cinit                               7FC      7FC        4      FF8       0
                config                             2007     2007        1        0       4
                text16                              2E4      2E4      1D3      5C8       0
                text15                              FAA      FAA       27     1F54       0
                text14                              4B7      4B7      345      96E       0
                text13                              13C      13C       78      278       0
                text12                              22C      22C       B8      458       0
                text11                               3E       3E       44       7C       0
                text10                                4        4       3A        8       0
                text9                               F8A      F8A       20     1F14       0
                text8                               FD1      FD1       2F     1FA2       0
                text7                               F5A      F5A       11     1EB4       0
                text6                                D9       D9       63      1B2       0
                text5                               F3D      F3D        7     1E7A       0
                text4                                82       82       57      104       0
                text3                               F44      F44        B     1E88       0
                text2                               F4F      F4F        B     1E9E       0
                text1                               F6B      F6B       1F     1ED6       0
                maintext                            1B4      1B4       78      368       0
                cstackBANK0                          20       20       42       20       1
                cstackCOMMON                         70       70        E       70       1
                strings                             800      800       2E     1000       0

TOTAL           Name                               Link     Load   Length     Space
        CLASS   CODE           
                end_init                              0        0        3         0
                cinit                               7FC      7FC        4         0
                text16                              2E4      2E4      1D3         0
                text15                              FAA      FAA       27         0
                text14                              4B7      4B7      345         0
                text13                              13C      13C       78         0
                text12                              22C      22C       B8         0
                text11                               3E       3E       44         0
                text10                                4        4       3A         0
                text9                               F8A      F8A       20         0
                text8                               FD1      FD1       2F         0
                text7                               F5A      F5A       11         0
                text6                                D9       D9       63         0
                text5                               F3D      F3D        7         0
                text4                                82       82       57         0
                text3                               F44      F44        B         0
                text2                               F4F      F4F        B         0
                text1                               F6B      F6B       1F         0
                maintext                            1B4      1B4       78         0

        CLASS   STRCODE        

        CLASS   STRING         
                strings                             800      800       2E         0

        CLASS   CONST          

        CLASS   ENTRY          

        CLASS   COMMON         
                cstackCOMMON                         70       70        E         1

        CLASS   BANK0          
                cstackBANK0                          20       20       42         1

        CLASS   BANK1          

        CLASS   BANK2          

        CLASS   BANK3          

        CLASS   RAM            

        CLASS   ABS1           
                abs_s1                               7E       7E        2         1

        CLASS   SFR0           

        CLASS   SFR1           

        CLASS   SFR2           

        CLASS   SFR3           

        CLASS   CONFIG         
                config                             2007     2007        1         4

        CLASS   IDLOC          

        CLASS   EEDATA         

        CLASS   STACK          



SEGMENTS        Name                           Load    Length   Top    Selector   Space  Class     Delta

                reset_vec                      000000  000003  000003         0       0  CODE        2
                text10                         000004  00003A  00003E         8       0  CODE        2
                cstackBANK0                    000020  000042  000062        20       1  BANK0       1
                cstackCOMMON                   000070  00000E  00007E        70       1  COMMON      1
                text11                         00003E  000044  000082        7C       0  CODE        2
                text4                          000082  000057  0000D9       104       0  CODE        2
                text6                          0000D9  000063  00013C       1B2       0  CODE        2
                text13                         00013C  000078  0001B4       278       0  CODE        2
                maintext                       0001B4  000078  00022C       368       0  CODE        2
                text12                         00022C  0000B8  0002E4       458       0  CODE        2
                text16                         0002E4  0001D3  0004B7       5C8       0  CODE        2
                text14                         0004B7  000345  0007FC       96E       0  CODE        2
                cinit                          0007FC  000004  000800       FF8       0  CODE        2
                strings                        000800  00002E  00082E      1000       0  STRING      2
                text5                          000F3D  000007  000F44      1E7A       0  CODE        2
                text3                          000F44  00000B  000F4F      1E88       0  CODE        2
                text2                          000F4F  00000B  000F5A      1E9E       0  CODE        2
                text7                          000F5A  000011  000F6B      1EB4       0  CODE        2
                text1                          000F6B  00001F  000F8A      1ED6       0  CODE        2
                text9                          000F8A  000020  000FAA      1F14       0  CODE        2
                text15                         000FAA  000027  000FD1      1F54       0  CODE        2
                text8                          000FD1  00002F  001000      1FA2       0  CODE        2


UNUSED ADDRESS RANGES

        Name                Unused          Largest block    Delta
        BANK0            0062-006F              E           1
        BANK1            00A0-00EF             50           1
        BANK2            0110-016F             60           1
        BANK3            0190-01EF             60           1
        CODE             0003-0003              1           2
                         082E-0F3C            70F
                         1000-1FFF            800
        CONST            0003-0003              1           2
                         082E-0F3C            100
                         1000-1FFF            100
        EEDATA           2100-21FF            100           2
        ENTRY            0003-0003              1           2
                         082E-0F3C            100
                         1000-1FFF            100
        IDLOC            2000-2003              4           2
        RAM              0062-006F              E           1
                         00A0-00EF             50
                         0110-016F             60
                         0190-01EF             60
        SFR0             0000-001F             20           1
        SFR1             0080-009F             20           1
        SFR2             0100-010F             10           1
        SFR3             0180-018F             10           1
        STRCODE          0003-0003              1           2
                         082E-0F3C            70F
                         1000-1FFF           1000
        STRING           0003-0003              1           2
                         082E-0F3C            100
                         1000-1FFF            100

                                  Symbol Table

?__Umul8_16                      cstackCOMMON 0070
?___fldiv                        cstackBANK0  003A
?___flmul                        cstackBANK0  0020
?___fltol                        cstackBANK0  0054
?___lwdiv                        cstackCOMMON 0070
?___lwmod                        cstackCOMMON 0070
?___xxtofl                       cstackCOMMON 0070
?_read_adc                       cstackCOMMON 0070
_ADCON0                          (abs)        001F
_ADFM                            (abs)        04FF
_ADON                            (abs)        00F8
_ADRESH                          (abs)        001E
_ADRESL                          (abs)        009E
_GO                              (abs)        00FA
_PORTD                           (abs)        0008
_RE1                             (abs)        0049
_RE2                             (abs)        004A
_TRISD                           (abs)        0088
_TRISE1                          (abs)        0449
_TRISE2                          (abs)        044A
__Habs1                          abs1         0000
__Hbank0                         bank0        0000
__Hbank1                         bank1        0000
__Hbank2                         bank2        0000
__Hbank3                         bank3        0000
__Hcinit                         cinit        0800
__Hclrtext                       clrtext      0000
__Hcode                          code         0000
__Hcommon                        common       0000
__Hconfig                        config       2008
__HcstackBANK0                   cstackBANK0  0000
__HcstackCOMMON                  cstackCOMMON 0000
__Heeprom_data                   eeprom_data  0000
__Hend_init                      end_init     0003
__Hfunctab                       functab      0000
__Hinit                          init         0000
__Hintentry                      intentry     0000
__Hmaintext                      maintext     0000
__Hpowerup                       powerup      0000
__Hram                           ram          0000
__Hreset_vec                     reset_vec    0000
__Hsfr0                          sfr0         0000
__Hsfr1                          sfr1         0000
__Hsfr2                          sfr2         0000
__Hsfr3                          sfr3         0000
__Hspace_0                       (abs)        1000
__Hspace_1                       (abs)        007E
__Hspace_2                       (abs)        0000
__Hspace_3                       (abs)        0000
__Hspace_4                       (abs)        400F
__Hstack                         stack        0000
__Hstrings                       strings      0000
__Htext                          text         0000
__Labs1                          abs1         0000
__Lbank0                         bank0        0000
__Lbank1                         bank1        0000
__Lbank2                         bank2        0000
__Lbank3                         bank3        0000
__Lcinit                         cinit        07FC
__Lclrtext                       clrtext      0000
__Lcode                          code         0000
__Lcommon                        common       0000
__Lconfig                        config       0000
__LcstackBANK0                   cstackBANK0  0000
__LcstackCOMMON                  cstackCOMMON 0000
__Leeprom_data                   eeprom_data  0000
__Lend_init                      end_init     0000
__Lfunctab                       functab      0000
__Linit                          init         0000
__Lintentry                      intentry     0000
__Lmaintext                      maintext     0000
__Lpowerup                       powerup      0000
__Lram                           ram          0000
__Lreset_vec                     reset_vec    0000
__Lsfr0                          sfr0         0000
__Lsfr1                          sfr1         0000
__Lsfr2                          sfr2         0000
__Lsfr3                          sfr3         0000
__Lspace_0                       (abs)        0000
__Lspace_1                       (abs)        0000
__Lspace_2                       (abs)        0000
__Lspace_3                       (abs)        0000
__Lspace_4                       (abs)        0000
__Lstack                         stack        0000
__Lstrings                       strings      0000
__Ltext                          text         0000
__S0                             (abs)        1000
__S1                             (abs)        007E
__S3                             (abs)        0000
__Umul8_16                       text15       0FAA
__Umul8_16@multiplicand          cstackCOMMON 0070
__Umul8_16@multiplier            cstackCOMMON 0078
__Umul8_16@product               cstackCOMMON 0074
__Umul8_16@word_mpld             cstackCOMMON 0076
___fldiv                         text16       02E4
___fldiv@a                       cstackBANK0  003A
___fldiv@aexp                    cstackBANK0  0053
___fldiv@b                       cstackBANK0  003E
___fldiv@bexp                    cstackBANK0  0052
___fldiv@grs                     cstackBANK0  004E
___fldiv@new_exp                 cstackBANK0  004C
___fldiv@rem                     cstackBANK0  0047
___fldiv@sign                    cstackBANK0  004B
___flmul                         text14       04B7
___flmul@a                       cstackBANK0  0024
___flmul@aexp                    cstackBANK0  0032
___flmul@b                       cstackBANK0  0020
___flmul@bexp                    cstackBANK0  0033
___flmul@grs                     cstackBANK0  002E
___flmul@prod                    cstackBANK0  0034
___flmul@sign                    cstackBANK0  002D
___flmul@temp                    cstackBANK0  0038
___fltol                         text13       013C
___fltol@exp1                    cstackBANK0  005D
___fltol@f1                      cstackBANK0  0054
___fltol@sign1                   cstackBANK0  005C
___int_sp                        stack        0000
___latbits                       (abs)        0002
___lwdiv                         text11       003E
___lwdiv@counter                 cstackCOMMON 0077
___lwdiv@dividend                cstackCOMMON 0072
___lwdiv@divisor                 cstackCOMMON 0070
___lwdiv@quotient                cstackCOMMON 0075
___lwmod                         text10       0004
___lwmod@counter                 cstackCOMMON 0075
___lwmod@dividend                cstackCOMMON 0072
___lwmod@divisor                 cstackCOMMON 0070
___sp                            stack        0000
___stackhi                       (abs)        0000
___stacklo                       (abs)        0000
___xxtofl                        text12       022C
___xxtofl@arg                    cstackCOMMON 007A
___xxtofl@exp                    cstackCOMMON 0079
___xxtofl@sign                   cstackCOMMON 0078
___xxtofl@val                    cstackCOMMON 0070
__end_of__Umul8_16               text15       0FD1
__end_of___fldiv                 text16       04B7
__end_of___flmul                 text14       07FC
__end_of___fltol                 text13       01B4
__end_of___lwdiv                 text11       0082
__end_of___lwmod                 text10       003E
__end_of___xxtofl                text12       02E4
__end_of__initialization         cinit        07FC
__end_of__stringtab              strings      0810
__end_of_clcd_print              text8        1000
__end_of_clcd_putch              text7        0F6B
__end_of_clcd_write              text9        0FAA
__end_of_display                 text6        013C
__end_of_init_adc                text5        0F44
__end_of_init_clcd               text3        0F4F
__end_of_init_config             text2        0F5A
__end_of_init_display_controller text4        00D9
__end_of_main                    maintext     022C
__end_of_read_adc                text1        0F8A
__initialization                 cinit        07FC
__pcstackBANK0                   cstackBANK0  0020
__pcstackCOMMON                  cstackCOMMON 0070
__pmaintext                      maintext     01B4
__pstrings                       strings      0800
__ptext1                         text1        0F6B
__ptext10                        text10       0004
__ptext11                        text11       003E
__ptext12                        text12       022C
__ptext13                        text13       013C
__ptext14                        text14       04B7
__ptext15                        text15       0FAA
__ptext16                        text16       02E4
__ptext2                         text2        0F4F
__ptext3                         text3        0F44
__ptext4                         text4        0082
__ptext5                         text5        0F3D
__ptext6                         text6        00D9
__ptext7                         text7        0F5A
__ptext8                         text8        0FD1
__ptext9                         text9        0F8A
__stringbase                     strings      080F
__stringtab                      strings      0800
_clcd_print                      text8        0FD1
_clcd_putch                      text7        0F5A
_clcd_write                      text9        0F8A
_display                         text6        00D9
_init_adc                        text5        0F3D
_init_clcd                       text3        0F44
_init_config                     text2        0F4F
_init_display_controller         text4        0082
_main                            maintext     01B4
_nDONE                           (abs)        00FA
_read_adc                        text1        0F6B
btemp                            (abs)        007E
clcd_print@addr                  cstackCOMMON 0076
clcd_print@str                   cstackCOMMON 0074
clcd_putch@addr                  cstackCOMMON 0074
clcd_putch@data                  cstackCOMMON 0075
clcd_write@byte                  cstackCOMMON 0073
clcd_write@mode                  cstackCOMMON 0070
display@buff                     cstackBANK0  0020
display@data                     cstackCOMMON 0078
display@i                        cstackBANK0  0023
end_of_initialization            cinit        07FC
intlevel0                        functab      0000
intlevel1                        functab      0000
intlevel2                        functab      0000
intlevel3                        functab      0000
intlevel4                        functab      0000
intlevel5                        functab      0000
main@analog_value                cstackBANK0  005E
main@temperature                 cstackBANK0  0060
read_adc@adc_reg_val             cstackCOMMON 0073
read_adc@channel                 cstackCOMMON 0075
reset_vec                        reset_vec    0000
start                            init         0000
start_initialization             cinit        07FC
wtemp0                           (abs)        007E


MODULE INFORMATION

Module		Function		Class		Link	Load	Size
C:\Program Files\Microchip\xc8\v2.40\pic\sources\c90\common\fltol.c
		___fltol       		CODE           	013C	0000	120

C:\Program Files\Microchip\xc8\v2.40\pic\sources\c90\common\fltol.c estimated size: 120

C:\Program Files\Microchip\xc8\v2.40\pic\sources\c90\common\sprcmul.c
		___flmul       		CODE           	04B7	0000	837

C:\Program Files\Microchip\xc8\v2.40\pic\sources\c90\common\sprcmul.c estimated size: 837

C:\Program Files\Microchip\xc8\v2.40\pic\sources\c90\common\sprcdiv.c
		___fldiv       		CODE           	02E4	0000	467

C:\Program Files\Microchip\xc8\v2.40\pic\sources\c90\common\sprcdiv.c estimated size: 467

adc.c
		_init_adc      		CODE           	0F3D	0000	7
		_read_adc      		CODE           	0F6B	0000	31

adc.c estimated size: 38

C:\Program Files\Microchip\xc8\v2.40\pic\sources\c90\common\Umul8_16.c
		__Umul8_16     		CODE           	0FAA	0000	39

C:\Program Files\Microchip\xc8\v2.40\pic\sources\c90\common\Umul8_16.c estimated size: 39

C:\Program Files\Microchip\xc8\v2.40\pic\sources\c90\common\lwmod.c
		___lwmod       		CODE           	0004	0000	58

C:\Program Files\Microchip\xc8\v2.40\pic\sources\c90\common\lwmod.c estimated size: 58

shared
		__stringtab    		STRING         	0800	0000	16
		__initialization		CODE           	07FC	0000	1

shared estimated size: 17

clcd.c
		_clcd_write    		CODE           	0F8A	0000	32
		_clcd_print    		CODE           	0FD1	0000	47
		_clcd_putch    		CODE           	0F5A	0000	17
		_init_display_controller		CODE           	0082	0000	87
		_init_clcd     		CODE           	0F44	0000	11

clcd.c estimated size: 194

main.c
		_display       		CODE           	00D9	0000	99
		_main          		CODE           	01B4	0000	120
		_init_config   		CODE           	0F4F	0000	11

main.c estimated size: 230

C:\Program Files\Microchip\xc8\v2.40\pic\sources\c90\common\lwdiv.c
		___lwdiv       		CODE           	003E	0000	68

C:\Program Files\Microchip\xc8\v2.40\pic\sources\c90\common\lwdiv.c estimated size: 68

C:\Program Files\Microchip\xc8\v2.40\pic\sources\c90\common\xxtofl.c
		___xxtofl      		CODE           	022C	0000	184

C:\Program Files\Microchip\xc8\v2.40\pic\sources\c90\common\xxtofl.c estimated size: 184

