Microchip MPLAB XC8 Compiler V2.40

Linker command line:

-W-3 \
  --edf=C:\Program Files\Microchip\xc8\v2.40\pic\dat\20220703182018_en.msgs \
  -cn \
  -h+dist/default/production\A14_4_digit_key_press_counter_with_persistence_ext.X.production.sym \
  --cmf=dist/default/production\A14_4_digit_key_press_counter_with_persistence_ext.X.production.cmf \
  -z -Q16F877A -oC:\Users\ASUS\AppData\Local\Temp\xcAsalo.5 \
  --defsym=__MPLAB_BUILD=1 --fixupoverflow=error \
  -Mdist/default/production/A14_4_digit_key_press_counter_with_persistence_ext.X.production.map \
  --md=C:\Users\ASUS\AppData\Local\Temp\xcAsalo.dat -E1 -ver=XC8 Compiler \
  --acfsm=1493 -ACODE=00h-07FFhx4 -ASTRCODE=00h-01FFFh -ASTRING=00h-0FFhx32 \
  -ACONST=00h-0FFhx32 -AENTRY=00h-0FFhx32 -ACOMMON=070h-07Fh \
  -ABANK0=020h-06Fh -ABANK1=0A0h-0EFh -ABANK2=0110h-016Fh \
  -ABANK3=0190h-01EFh -ARAM=020h-06Fh,0A0h-0EFh,0110h-016Fh,0190h-01EFh \
  -AABS1=020h-07Fh,0A0h-0EFh,0110h-016Fh,0190h-01EFh -ASFR0=00h-01Fh \
  -ASFR1=080h-09Fh -ASFR2=0100h-010Fh -ASFR3=0180h-018Fh \
  -ACONFIG=02007h-02007h -DCONFIG=2 -AIDLOC=02000h-02003h -DIDLOC=2 \
  -AEEDATA=00h-0FFh/02100h -peeprom_data=EEDATA -DEEDATA=2 -DCODE=2 \
  -DSTRCODE=2 -DSTRING=2 -DCONST=2 -DENTRY=2 \
  -preset_vec=00h,intentry,init,end_init -ppowerup=CODE -pcinit=CODE \
  -pfunctab=ENTRY -k C:\Users\ASUS\AppData\Local\Temp\xcAsalo.o \
  dist/default/production\A14_4_digit_key_press_counter_with_persistence_ext.X.production.o 

Object code version is 3.11

Machine type is 16F877A



                Name                               Link     Load   Length Selector   Space Scale
C:\Users\ASUS\AppData\Local\Temp\xcAsalo.o
                end_init                              0        0        3        0       0
                config                             2007     2007        1        0       4
dist/default/production\A14_4_digit_key_press_counter_with_persistence_ext.X.production.o
                cinit                               7EE      7EE       12      FDC       0
                config                             2007     2007        1        0       4
                text18                              59F      59F       44      B3E       0
                text17                              565      565       3A      ACA       0
                text16                              628      628       56      C50       0
                text15                              44A      44A        D      894       0
                text14                              40B      40B        9      816       0
                text13                              414      414        9      828       0
                text12                              41D      41D        B      83A       0
                text11                              505      505       2E      A0A       0
                text10                              48B      48B       25      916       0
                text9                               46A      46A       21      8D4       0
                text8                               428      428        B      850       0
                text7                               4DA      4DA       2B      9B4       0
                text6                               405      405        6      80A       0
                text5                               67E      67E       66      CFC       0
                text4                               533      533       32      A66       0
                text3                               43E      43E        C      87C       0
                text2                               5E3      5E3       45      BC6       0
                text1                               4B0      4B0       2A      960       0
                maintext                            6E4      6E4      10A      DC8       0
                cstackBANK0                          20       20       21       20       1
                cstackCOMMON                         70       70        E       70       1
                inittext                            457      457       13      8AE       0
                dataBANK0                            41       41        B       20       1
                nvBANK0                              4C       4C        2       20       1
                idataBANK0                          433      433        B      866       0

TOTAL           Name                               Link     Load   Length     Space
        CLASS   CODE           
                end_init                              0        0        3         0
                cinit                               7EE      7EE       12         0
                text18                              59F      59F       44         0
                text17                              565      565       3A         0
                text16                              628      628       56         0
                text15                              44A      44A        D         0
                text14                              40B      40B        9         0
                text13                              414      414        9         0
                text12                              41D      41D        B         0
                text11                              505      505       2E         0
                text10                              48B      48B       25         0
                text9                               46A      46A       21         0
                text8                               428      428        B         0
                text7                               4DA      4DA       2B         0
                text6                               405      405        6         0
                text5                               67E      67E       66         0
                text4                               533      533       32         0
                text3                               43E      43E        C         0
                text2                               5E3      5E3       45         0
                text1                               4B0      4B0       2A         0
                maintext                            6E4      6E4      10A         0
                inittext                            457      457       13         0
                idataBANK0                          433      433        B         0

        CLASS   STRCODE        

        CLASS   STRING         

        CLASS   CONST          

        CLASS   ENTRY          

        CLASS   COMMON         
                cstackCOMMON                         70       70        E         1

        CLASS   BANK0          
                cstackBANK0                          20       20       21         1
                dataBANK0                            41       41        B         1
                nvBANK0                              4C       4C        2         1

        CLASS   BANK1          

        CLASS   BANK2          

        CLASS   BANK3          

        CLASS   RAM            

        CLASS   ABS1           
                abs_s1                               7E       7E        2         1

        CLASS   SFR0           

        CLASS   SFR1           

        CLASS   SFR2           

        CLASS   SFR3           

        CLASS   CONFIG         
                config                             2007     2007        1         4

        CLASS   IDLOC          

        CLASS   EEDATA         

        CLASS   STACK          



SEGMENTS        Name                           Load    Length   Top    Selector   Space  Class     Delta

                reset_vec                      000000  000003  000003         0       0  CODE        2
                cstackBANK0                    000020  00002E  00004E        20       1  BANK0       1
                cstackCOMMON                   000070  00000E  00007E        70       1  COMMON      1
                text6                          000405  000006  00040B       80A       0  CODE        2
                text14                         00040B  000009  000414       816       0  CODE        2
                text13                         000414  000009  00041D       828       0  CODE        2
                text12                         00041D  00000B  000428       83A       0  CODE        2
                text8                          000428  00000B  000433       850       0  CODE        2
                idataBANK0                     000433  00000B  00043E       866       0  CODE        2
                text3                          00043E  00000C  00044A       87C       0  CODE        2
                text15                         00044A  00000D  000457       894       0  CODE        2
                inittext                       000457  000013  00046A       8AE       0  CODE        2
                text9                          00046A  000021  00048B       8D4       0  CODE        2
                text10                         00048B  000025  0004B0       916       0  CODE        2
                text1                          0004B0  00002A  0004DA       960       0  CODE        2
                text7                          0004DA  00002B  000505       9B4       0  CODE        2
                text11                         000505  00002E  000533       A0A       0  CODE        2
                text4                          000533  000032  000565       A66       0  CODE        2
                text17                         000565  00003A  00059F       ACA       0  CODE        2
                text18                         00059F  000044  0005E3       B3E       0  CODE        2
                text2                          0005E3  000045  000628       BC6       0  CODE        2
                text16                         000628  000056  00067E       C50       0  CODE        2
                text5                          00067E  000066  0006E4       CFC       0  CODE        2
                maintext                       0006E4  00010A  0007EE       DC8       0  CODE        2
                cinit                          0007EE  000012  000800       FDC       0  CODE        2


UNUSED ADDRESS RANGES

        Name                Unused          Largest block    Delta
        BANK0            004E-006F             22           1
        BANK1            00A0-00EF             50           1
        BANK2            0110-016F             60           1
        BANK3            0190-01EF             60           1
        CODE             0003-0404            402           2
                         0800-1FFF            800
        CONST            0003-0404            100           2
                         0800-1FFF            100
        EEDATA           2100-21FF            100           2
        ENTRY            0003-0404            100           2
                         0800-1FFF            100
        IDLOC            2000-2003              4           2
        RAM              004E-006F             22           1
                         00A0-00EF             50
                         0110-016F             60
                         0190-01EF             60
        SFR0             0000-001F             20           1
        SFR1             0080-009F             20           1
        SFR2             0100-010F             10           1
        SFR3             0180-018F             10           1
        STRCODE          0003-0404            402           2
                         0800-1FFF           1800
        STRING           0003-0404            100           2
                         0800-1FFF            100

                                  Symbol Table

?___lldiv                                cstackCOMMON 0070
?___lwdiv                                cstackCOMMON 0076
?___lwmod                                cstackCOMMON 0070
?___wmul                                 cstackCOMMON 0074
_ACKDT                                   (abs)        048D
_ACKEN                                   (abs)        048C
_ACKSTAT                                 (abs)        048E
_PEN                                     (abs)        048A
_PORTA                                   (abs)        0005
_PORTB                                   (abs)        0006
_PORTD                                   (abs)        0008
_RCEN                                    (abs)        048B
_R_nW                                    (abs)        04A2
_SEN                                     (abs)        0488
_SSPADD                                  (abs)        0093
_SSPBUF                                  (abs)        0013
_SSPCON2                                 (abs)        0091
_SSPEN                                   (abs)        00A5
_SSPM3                                   (abs)        00A3
_TRISA                                   (abs)        0085
_TRISB                                   (abs)        0086
_TRISD                                   (abs)        0088
__Habs1                                  abs1         0000
__Hbank0                                 bank0        0000
__Hbank1                                 bank1        0000
__Hbank2                                 bank2        0000
__Hbank3                                 bank3        0000
__Hcinit                                 cinit        0800
__Hclrtext                               clrtext      0000
__Hcode                                  code         0000
__Hcommon                                common       0000
__Hconfig                                config       2008
__HcstackBANK0                           cstackBANK0  0000
__HcstackCOMMON                          cstackCOMMON 0000
__HdataBANK0                             dataBANK0    0000
__Heeprom_data                           eeprom_data  0000
__Hend_init                              end_init     0003
__Hfunctab                               functab      0000
__HidataBANK0                            idataBANK0   0000
__Hinit                                  init         0000
__Hinittext                              inittext     0000
__Hintentry                              intentry     0000
__Hmaintext                              maintext     0000
__HnvBANK0                               nvBANK0      0000
__Hpowerup                               powerup      0000
__Hram                                   ram          0000
__Hreset_vec                             reset_vec    0000
__Hsfr0                                  sfr0         0000
__Hsfr1                                  sfr1         0000
__Hsfr2                                  sfr2         0000
__Hsfr3                                  sfr3         0000
__Hspace_0                               (abs)        0800
__Hspace_1                               (abs)        007E
__Hspace_2                               (abs)        0000
__Hspace_3                               (abs)        0000
__Hspace_4                               (abs)        400F
__Hstack                                 stack        0000
__Hstrings                               strings      0000
__Htext                                  text         0000
__Labs1                                  abs1         0000
__Lbank0                                 bank0        0000
__Lbank1                                 bank1        0000
__Lbank2                                 bank2        0000
__Lbank3                                 bank3        0000
__Lcinit                                 cinit        07EE
__Lclrtext                               clrtext      0000
__Lcode                                  code         0000
__Lcommon                                common       0000
__Lconfig                                config       0000
__LcstackBANK0                           cstackBANK0  0000
__LcstackCOMMON                          cstackCOMMON 0000
__LdataBANK0                             dataBANK0    0000
__Leeprom_data                           eeprom_data  0000
__Lend_init                              end_init     0000
__Lfunctab                               functab      0000
__LidataBANK0                            idataBANK0   0000
__Linit                                  init         0000
__Linittext                              inittext     0000
__Lintentry                              intentry     0000
__Lmaintext                              maintext     0000
__LnvBANK0                               nvBANK0      0000
__Lpowerup                               powerup      0000
__Lram                                   ram          0000
__Lreset_vec                             reset_vec    0000
__Lsfr0                                  sfr0         0000
__Lsfr1                                  sfr1         0000
__Lsfr2                                  sfr2         0000
__Lsfr3                                  sfr3         0000
__Lspace_0                               (abs)        0000
__Lspace_1                               (abs)        0000
__Lspace_2                               (abs)        0000
__Lspace_3                               (abs)        0000
__Lspace_4                               (abs)        0000
__Lstack                                 stack        0000
__Lstrings                               strings      0000
__Ltext                                  text         0000
__S0                                     (abs)        0800
__S1                                     (abs)        007E
__S3                                     (abs)        0000
___int_sp                                stack        0000
___latbits                               (abs)        0002
___lldiv                                 text5        067E
___lldiv@counter                         cstackCOMMON 007D
___lldiv@dividend                        cstackCOMMON 0074
___lldiv@divisor                         cstackCOMMON 0070
___lldiv@quotient                        cstackCOMMON 0079
___lwdiv                                 text18       059F
___lwdiv@counter                         cstackCOMMON 007D
___lwdiv@dividend                        cstackCOMMON 0078
___lwdiv@divisor                         cstackCOMMON 0076
___lwdiv@quotient                        cstackCOMMON 007B
___lwmod                                 text17       0565
___lwmod@counter                         cstackCOMMON 0075
___lwmod@dividend                        cstackCOMMON 0072
___lwmod@divisor                         cstackCOMMON 0070
___sp                                    stack        0000
___stackhi                               (abs)        0000
___stacklo                               (abs)        0000
___wmul                                  text10       048B
___wmul@multiplicand                     cstackCOMMON 0076
___wmul@multiplier                       cstackCOMMON 0074
___wmul@product                          cstackCOMMON 0078
__end_of___lldiv                         text5        06E4
__end_of___lwdiv                         text18       05E3
__end_of___lwmod                         text17       059F
__end_of___wmul                          text10       04B0
__end_of__initialization                 cinit        07FC
__end_of_display                         text16       067E
__end_of_eeprom_at24c04_byte_write       text11       0533
__end_of_eeprom_at24c04_random_read      text7        0505
__end_of_i2c_read                        text9        048B
__end_of_i2c_rep_start                   text8        0433
__end_of_i2c_start                       text14       0414
__end_of_i2c_stop                        text13       041D
__end_of_i2c_wait_for_idle               text15       0457
__end_of_i2c_write                       text12       0428
__end_of_init_config                     text2        0628
__end_of_init_digital_keypad             text6        040B
__end_of_init_i2c                        text4        0565
__end_of_init_ssd                        text3        044A
__end_of_main                            maintext     07EE
__end_of_read_digital_keypad             text1        04DA
__initialization                         cinit        07EE
__pcstackBANK0                           cstackBANK0  0020
__pcstackCOMMON                          cstackCOMMON 0070
__pdataBANK0                             dataBANK0    0041
__pidataBANK0                            idataBANK0   0433
__pmaintext                              maintext     06E4
__pnvBANK0                               nvBANK0      004C
__ptext1                                 text1        04B0
__ptext10                                text10       048B
__ptext11                                text11       0505
__ptext12                                text12       041D
__ptext13                                text13       0414
__ptext14                                text14       040B
__ptext15                                text15       044A
__ptext16                                text16       0628
__ptext17                                text17       0565
__ptext18                                text18       059F
__ptext2                                 text2        05E3
__ptext3                                 text3        043E
__ptext4                                 text4        0533
__ptext5                                 text5        067E
__ptext6                                 text6        0405
__ptext7                                 text7        04DA
__ptext8                                 text8        0428
__ptext9                                 text9        046A
_count                                   nvBANK0      004C
_display                                 text16       0628
_eeprom_at24c04_byte_write               text11       0505
_eeprom_at24c04_random_read              text7        04DA
_i2c_read                                text9        046A
_i2c_rep_start                           text8        0428
_i2c_start                               text14       040B
_i2c_stop                                text13       0414
_i2c_wait_for_idle                       text15       044A
_i2c_write                               text12       041D
_init_config                             text2        05E3
_init_digital_keypad                     text6        0405
_init_i2c                                text4        0533
_init_ssd                                text3        043E
_main                                    maintext     06E4
_read_digital_keypad                     text1        04B0
btemp                                    (abs)        007E
display@data                             cstackCOMMON 0078
display@digit                            cstackCOMMON 0079
display@wait                             cstackCOMMON 0074
eeprom_at24c04_byte_write@data           cstackBANK0  0020
eeprom_at24c04_byte_write@memory_loc     cstackBANK0  0023
eeprom_at24c04_random_read@memory_loc    cstackCOMMON 0072
eeprom_at24c04_random_read@received_data cstackCOMMON 0073
end_of_initialization                    cinit        07FC
i2c_read@ack                             cstackCOMMON 0070
i2c_read@data                            cstackCOMMON 0071
i2c_write@data                           cstackCOMMON 0070
init_fetch0                              inittext     0457
init_i2c@baud                            cstackBANK0  0020
init_ram0                                inittext     045B
intlevel0                                functab      0000
intlevel1                                functab      0000
intlevel2                                functab      0000
intlevel3                                functab      0000
intlevel4                                functab      0000
intlevel5                                functab      0000
main@F877                                dataBANK0    0041
main@digit                               cstackBANK0  0030
main@key_inc                             cstackBANK0  0040
main@key_lp                              cstackBANK0  003E
main@ssd                                 cstackBANK0  003A
main@wait                                cstackBANK0  003F
read_digital_keypad@mode                 cstackCOMMON 0071
read_digital_keypad@once                 dataBANK0    004B
reset_vec                                reset_vec    0000
start                                    init         0000
start_initialization                     cinit        07EE
wtemp0                                   (abs)        007E


MODULE INFORMATION

Module		Function		Class		Link	Load	Size
ssd.c
		_init_ssd      		CODE           	043E	0000	12
		_display       		CODE           	0628	0000	86

ssd.c estimated size: 98

digital_keypad.c
		_init_digital_keypad		CODE           	0405	0000	6
		_read_digital_keypad		CODE           	04B0	0000	42

digital_keypad.c estimated size: 48

i2c.c
		_i2c_start     		CODE           	040B	0000	9
		_i2c_rep_start 		CODE           	0428	0000	11
		_i2c_write     		CODE           	041D	0000	11
		_i2c_stop      		CODE           	0414	0000	9
		_i2c_read      		CODE           	046A	0000	33
		_init_i2c      		CODE           	0533	0000	50
		_i2c_wait_for_idle		CODE           	044A	0000	13

i2c.c estimated size: 136

C:\Program Files\Microchip\xc8\v2.40\pic\sources\c90\common\__lldiv.c
		___lldiv       		CODE           	067E	0000	102

C:\Program Files\Microchip\xc8\v2.40\pic\sources\c90\common\__lldiv.c estimated size: 102

C:\Program Files\Microchip\xc8\v2.40\pic\sources\c90\common\Umul16.c
		___wmul        		CODE           	048B	0000	37

C:\Program Files\Microchip\xc8\v2.40\pic\sources\c90\common\Umul16.c estimated size: 37

C:\Program Files\Microchip\xc8\v2.40\pic\sources\c90\common\lwmod.c
		___lwmod       		CODE           	0565	0000	58

C:\Program Files\Microchip\xc8\v2.40\pic\sources\c90\common\lwmod.c estimated size: 58

shared
		__initialization		CODE           	07EE	0000	14

shared estimated size: 14

at24c04.c
		_eeprom_at24c04_random_read		CODE           	04DA	0000	43
		_eeprom_at24c04_byte_write		CODE           	0505	0000	46

at24c04.c estimated size: 89

main.c
		_main          		CODE           	06E4	0000	266
		_init_config   		CODE           	05E3	0000	69

main.c estimated size: 335

C:\Program Files\Microchip\xc8\v2.40\pic\sources\c90\common\lwdiv.c
		___lwdiv       		CODE           	059F	0000	68

C:\Program Files\Microchip\xc8\v2.40\pic\sources\c90\common\lwdiv.c estimated size: 68

