Microchip MPLAB XC8 Compiler V2.40

Linker command line:

-W-3 \
  --edf=C:\Program Files\Microchip\xc8\v2.40\pic\dat\20220703182018_en.msgs \
  -cn \
  -h+dist/default/production\08_Up_counter_by_key_press_EEPROM.X.production.sym \
  --cmf=dist/default/production\08_Up_counter_by_key_press_EEPROM.X.production.cmf \
  -z -Q16F877A -oC:\Users\ASUS\AppData\Local\Temp\xcAs9ok.4 \
  --defsym=__MPLAB_BUILD=1 --fixupoverflow=error \
  -Mdist/default/production/08_Up_counter_by_key_press_EEPROM.X.production.map \
  --md=C:\Users\ASUS\AppData\Local\Temp\xcAs9ok.dat -E1 -ver=XC8 Compiler \
  --acfsm=1493 -ACODE=00h-07FFhx4 -ASTRCODE=00h-01FFFh -ASTRING=00h-0FFhx32 \
  -ACONST=00h-0FFhx32 -AENTRY=00h-0FFhx32 -ACOMMON=070h-07Fh \
  -ABANK0=020h-06Fh -ABANK1=0A0h-0EFh -ABANK2=0110h-016Fh \
  -ABANK3=0190h-01EFh -ARAM=020h-06Fh,0A0h-0EFh,0110h-016Fh,0190h-01EFh \
  -AABS1=020h-07Fh,0A0h-0EFh,0110h-016Fh,0190h-01EFh -ASFR0=00h-01Fh \
  -ASFR1=080h-09Fh -ASFR2=0100h-010Fh -ASFR3=0180h-018Fh \
  -ACONFIG=02007h-02007h -DCONFIG=2 -AIDLOC=02000h-02003h -DIDLOC=2 \
  -AEEDATA=00h-0FFh/02100h -peeprom_data=EEDATA -DEEDATA=2 -DCODE=2 \
  -DSTRCODE=2 -DSTRING=2 -DCONST=2 -DENTRY=2 \
  -preset_vec=00h,intentry,init,end_init -ppowerup=CODE -pcinit=CODE \
  -pfunctab=ENTRY -k C:\Users\ASUS\AppData\Local\Temp\xcAs9ok.o \
  dist/default/production\08_Up_counter_by_key_press_EEPROM.X.production.o 

Object code version is 3.11

Machine type is 16F877A



                Name                               Link     Load   Length Selector   Space Scale
C:\Users\ASUS\AppData\Local\Temp\xcAs9ok.o
                end_init                              0        0        3        0       0
                config                             2007     2007        1        0       4
dist/default/production\08_Up_counter_by_key_press_EEPROM.X.production.o
                cinit                               7E8      7E8       18      FD0       0
                config                             2007     2007        1        0       4
                text10                              6CD      6CD       69      D9A       0
                text9                               674      674       59      CE8       0
                text8                               61E      61E       56      C3C       0
                text7                               57E      57E       17      AFC       0
                text6                               5BF      5BF       2D      B7E       0
                text5                               5EC      5EC       32      BD8       0
                text4                               544      544        6      A88       0
                text3                               55F      55F        C      ABE       0
                text2                               554      554        B      AA8       0
                text1                               595      595       2A      B2A       0
                maintext                            736      736       B2      E6C       0
                cstackBANK0                          20       20       17       20       1
                cstackCOMMON                         70       70        C       70       1
                inittext                            56B      56B       13      AD6       0
                dataBANK0                            37       37        A       20       1
                dataCOMMON                           7D       7D        1       70       1
                nvCOMMON                             7C       7C        1       70       1
                idataBANK0                          54A      54A        A      A94       0
                idataCOMMON                         543      543        1      A86       0

TOTAL           Name                               Link     Load   Length     Space
        CLASS   CODE           
                end_init                              0        0        3         0
                cinit                               7E8      7E8       18         0
                text10                              6CD      6CD       69         0
                text9                               674      674       59         0
                text8                               61E      61E       56         0
                text7                               57E      57E       17         0
                text6                               5BF      5BF       2D         0
                text5                               5EC      5EC       32         0
                text4                               544      544        6         0
                text3                               55F      55F        C         0
                text2                               554      554        B         0
                text1                               595      595       2A         0
                maintext                            736      736       B2         0
                inittext                            56B      56B       13         0
                idataBANK0                          54A      54A        A         0
                idataCOMMON                         543      543        1         0

        CLASS   STRCODE        

        CLASS   STRING         

        CLASS   CONST          

        CLASS   ENTRY          

        CLASS   COMMON         
                cstackCOMMON                         70       70        C         1
                dataCOMMON                           7D       7D        1         1
                nvCOMMON                             7C       7C        1         1

        CLASS   BANK0          
                cstackBANK0                          20       20       17         1
                dataBANK0                            37       37        A         1

        CLASS   BANK1          

        CLASS   BANK2          

        CLASS   BANK3          

        CLASS   RAM            

        CLASS   ABS1           
                abs_s1                               7E       7E        2         1

        CLASS   SFR0           

        CLASS   SFR1           

        CLASS   SFR2           

        CLASS   SFR3           

        CLASS   CONFIG         
                config                             2007     2007        1         4

        CLASS   IDLOC          

        CLASS   EEDATA         

        CLASS   STACK          



SEGMENTS        Name                           Load    Length   Top    Selector   Space  Class     Delta

                reset_vec                      000000  000003  000003         0       0  CODE        2
                cstackBANK0                    000020  000021  000041        20       1  BANK0       1
                cstackCOMMON                   000070  00000E  00007E        70       1  COMMON      1
                idataCOMMON                    000543  000001  000544       A86       0  CODE        2
                text4                          000544  000006  00054A       A88       0  CODE        2
                idataBANK0                     00054A  00000A  000554       A94       0  CODE        2
                text2                          000554  00000B  00055F       AA8       0  CODE        2
                text3                          00055F  00000C  00056B       ABE       0  CODE        2
                inittext                       00056B  000013  00057E       AD6       0  CODE        2
                text7                          00057E  000017  000595       AFC       0  CODE        2
                text1                          000595  00002A  0005BF       B2A       0  CODE        2
                text6                          0005BF  00002D  0005EC       B7E       0  CODE        2
                text5                          0005EC  000032  00061E       BD8       0  CODE        2
                text8                          00061E  000056  000674       C3C       0  CODE        2
                text9                          000674  000059  0006CD       CE8       0  CODE        2
                text10                         0006CD  000069  000736       D9A       0  CODE        2
                maintext                       000736  0000B2  0007E8       E6C       0  CODE        2
                cinit                          0007E8  000018  000800       FD0       0  CODE        2


UNUSED ADDRESS RANGES

        Name                Unused          Largest block    Delta
        BANK0            0041-006F             2F           1
        BANK1            00A0-00EF             50           1
        BANK2            0110-016F             60           1
        BANK3            0190-01EF             60           1
        CODE             0003-0542            540           2
                         0800-1FFF            800
        CONST            0003-0542            100           2
                         0800-1FFF            100
        EEDATA           2100-21FF            100           2
        ENTRY            0003-0542            100           2
                         0800-1FFF            100
        IDLOC            2000-2003              4           2
        RAM              0041-006F             2F           1
                         00A0-00EF             50
                         0110-016F             60
                         0190-01EF             60
        SFR0             0000-001F             20           1
        SFR1             0080-009F             20           1
        SFR2             0100-010F             10           1
        SFR3             0180-018F             10           1
        STRCODE          0003-0542            540           2
                         0800-1FFF           1800
        STRING           0003-0542            100           2
                         0800-1FFF            100

                                  Symbol Table

?___awdiv                    cstackCOMMON 0077
?___awmod                    cstackCOMMON 0070
_EEADR                       (abs)        010D
_EECON1                      (abs)        018C
_EECON1bits                  (abs)        018C
_EECON2                      (abs)        018D
_EEDATA                      (abs)        010C
_INTCONbits                  (abs)        000B
_PORTA                       (abs)        0005
_PORTB                       (abs)        0006
_PORTD                       (abs)        0008
_STATUSbits                  (abs)        0003
_TRISA                       (abs)        0085
_TRISB                       (abs)        0086
_TRISD                       (abs)        0088
__Habs1                      abs1         0000
__Hbank0                     bank0        0000
__Hbank1                     bank1        0000
__Hbank2                     bank2        0000
__Hbank3                     bank3        0000
__Hcinit                     cinit        0800
__Hclrtext                   clrtext      0000
__Hcode                      code         0000
__Hcommon                    common       0000
__Hconfig                    config       2008
__HcstackBANK0               cstackBANK0  0000
__HcstackCOMMON              cstackCOMMON 0000
__HdataBANK0                 dataBANK0    0000
__HdataCOMMON                dataCOMMON   0000
__Heeprom_data               eeprom_data  0000
__Hend_init                  end_init     0003
__Hfunctab                   functab      0000
__HidataBANK0                idataBANK0   0000
__HidataCOMMON               idataCOMMON  0000
__Hinit                      init         0000
__Hinittext                  inittext     0000
__Hintentry                  intentry     0000
__Hmaintext                  maintext     0000
__HnvCOMMON                  nvCOMMON     0000
__Hpowerup                   powerup      0000
__Hram                       ram          0000
__Hreset_vec                 reset_vec    0000
__Hsfr0                      sfr0         0000
__Hsfr1                      sfr1         0000
__Hsfr2                      sfr2         0000
__Hsfr3                      sfr3         0000
__Hspace_0                   (abs)        0800
__Hspace_1                   (abs)        007E
__Hspace_2                   (abs)        0000
__Hspace_3                   (abs)        0000
__Hspace_4                   (abs)        400F
__Hstack                     stack        0000
__Hstrings                   strings      0000
__Htext                      text         0000
__Labs1                      abs1         0000
__Lbank0                     bank0        0000
__Lbank1                     bank1        0000
__Lbank2                     bank2        0000
__Lbank3                     bank3        0000
__Lcinit                     cinit        07E8
__Lclrtext                   clrtext      0000
__Lcode                      code         0000
__Lcommon                    common       0000
__Lconfig                    config       0000
__LcstackBANK0               cstackBANK0  0000
__LcstackCOMMON              cstackCOMMON 0000
__LdataBANK0                 dataBANK0    0000
__LdataCOMMON                dataCOMMON   0000
__Leeprom_data               eeprom_data  0000
__Lend_init                  end_init     0000
__Lfunctab                   functab      0000
__LidataBANK0                idataBANK0   0000
__LidataCOMMON               idataCOMMON  0000
__Linit                      init         0000
__Linittext                  inittext     0000
__Lintentry                  intentry     0000
__Lmaintext                  maintext     0000
__LnvCOMMON                  nvCOMMON     0000
__Lpowerup                   powerup      0000
__Lram                       ram          0000
__Lreset_vec                 reset_vec    0000
__Lsfr0                      sfr0         0000
__Lsfr1                      sfr1         0000
__Lsfr2                      sfr2         0000
__Lsfr3                      sfr3         0000
__Lspace_0                   (abs)        0000
__Lspace_1                   (abs)        0000
__Lspace_2                   (abs)        0000
__Lspace_3                   (abs)        0000
__Lspace_4                   (abs)        0000
__Lstack                     stack        0000
__Lstrings                   strings      0000
__Ltext                      text         0000
__S0                         (abs)        0800
__S1                         (abs)        007E
__S3                         (abs)        0000
___awdiv                     text10       06CD
___awdiv@counter             cstackBANK0  0020
___awdiv@dividend            cstackCOMMON 0079
___awdiv@divisor             cstackCOMMON 0077
___awdiv@quotient            cstackBANK0  0022
___awdiv@sign                cstackBANK0  0021
___awmod                     text9        0674
___awmod@counter             cstackCOMMON 0075
___awmod@dividend            cstackCOMMON 0072
___awmod@divisor             cstackCOMMON 0070
___awmod@sign                cstackCOMMON 0076
___int_sp                    stack        0000
___latbits                   (abs)        0002
___sp                        stack        0000
___stackhi                   (abs)        0000
___stacklo                   (abs)        0000
__end_of___awdiv             text10       0736
__end_of___awmod             text9        06CD
__end_of__initialization     cinit        07FC
__end_of_display             text8        0674
__end_of_eeprom_read         text7        0595
__end_of_eeprom_test         text5        061E
__end_of_eeprom_write        text6        05EC
__end_of_init_config         text2        055F
__end_of_init_digital_keypad text4        054A
__end_of_init_ssd            text3        056B
__end_of_main                maintext     07E8
__end_of_read_digital_keypad text1        05BF
__initialization             cinit        07E8
__pcstackBANK0               cstackBANK0  0020
__pcstackCOMMON              cstackCOMMON 0070
__pdataBANK0                 dataBANK0    0037
__pdataCOMMON                dataCOMMON   007D
__pidataBANK0                idataBANK0   054A
__pidataCOMMON               idataCOMMON  0543
__pmaintext                  maintext     0736
__pnvCOMMON                  nvCOMMON     007C
__ptext1                     text1        0595
__ptext10                    text10       06CD
__ptext2                     text2        0554
__ptext3                     text3        055F
__ptext4                     text4        0544
__ptext5                     text5        05EC
__ptext6                     text6        05BF
__ptext7                     text7        057E
__ptext8                     text8        061E
__ptext9                     text9        0674
_count                       nvCOMMON     007C
_display                     text8        061E
_eeprom_read                 text7        057E
_eeprom_test                 text5        05EC
_eeprom_write                text6        05BF
_init_config                 text2        0554
_init_digital_keypad         text4        0544
_init_ssd                    text3        055F
_main                        maintext     0736
_read_digital_keypad         text1        0595
btemp                        (abs)        007E
display@data                 cstackCOMMON 0078
display@digit                cstackCOMMON 0079
display@wait                 cstackCOMMON 0074
eeprom_read@addr             cstackCOMMON 0071
eeprom_test@key              cstackCOMMON 0074
eeprom_write@addr            cstackCOMMON 0072
eeprom_write@value           cstackCOMMON 0070
end_of_initialization        cinit        07FC
init_fetch0                  inittext     056B
init_ram0                    inittext     056F
intlevel0                    functab      0000
intlevel1                    functab      0000
intlevel2                    functab      0000
intlevel3                    functab      0000
intlevel4                    functab      0000
intlevel5                    functab      0000
main@F863                    dataBANK0    0037
main@digit                   cstackBANK0  0028
main@key                     cstackBANK0  0036
main@ssd                     cstackBANK0  0032
read_digital_keypad@mode     cstackCOMMON 0071
read_digital_keypad@once     dataCOMMON   007D
reset_vec                    reset_vec    0000
start                        init         0000
start_initialization         cinit        07E8
wtemp0                       (abs)        007E


MODULE INFORMATION

Module		Function		Class		Link	Load	Size
ssd.c
		_init_ssd      		CODE           	055F	0000	12
		_display       		CODE           	061E	0000	86

ssd.c estimated size: 98

C:\Program Files\Microchip\xc8\v2.40\pic\sources\c90\pic\__eeread.c
		_eeprom_read   		CODE           	057E	0000	23

C:\Program Files\Microchip\xc8\v2.40\pic\sources\c90\pic\__eeread.c estimated size: 23

digital_keypad.c
		_init_digital_keypad		CODE           	0544	0000	6
		_read_digital_keypad		CODE           	0595	0000	42

digital_keypad.c estimated size: 48

C:\Program Files\Microchip\xc8\v2.40\pic\sources\c90\common\awdiv.c
		___awdiv       		CODE           	06CD	0000	105

C:\Program Files\Microchip\xc8\v2.40\pic\sources\c90\common\awdiv.c estimated size: 105

shared
		__initialization		CODE           	07E8	0000	20

shared estimated size: 20

C:\Program Files\Microchip\xc8\v2.40\pic\sources\c90\pic\__eewrite.c
		_eeprom_write  		CODE           	05BF	0000	45

C:\Program Files\Microchip\xc8\v2.40\pic\sources\c90\pic\__eewrite.c estimated size: 45

C:\Program Files\Microchip\xc8\v2.40\pic\sources\c90\common\awmod.c
		___awmod       		CODE           	0674	0000	89

C:\Program Files\Microchip\xc8\v2.40\pic\sources\c90\common\awmod.c estimated size: 89

main.c
		_main          		CODE           	0736	0000	178
		_init_config   		CODE           	0554	0000	11
		_eeprom_test   		CODE           	05EC	0000	50

main.c estimated size: 239

