Microchip MPLAB XC8 Compiler V2.40

Linker command line:

-W-3 \
  --edf=C:\Program Files\Microchip\xc8\v2.40\pic\dat\20220703182018_en.msgs \
  -cn -h+dist/default/production\06_LED_dimmer.X.production.sym \
  --cmf=dist/default/production\06_LED_dimmer.X.production.cmf -z -Q16F877A \
  -oC:\Users\ASUS\AppData\Local\Temp\xcAsdbs.5 --defsym=__MPLAB_BUILD=1 \
  --fixupoverflow=error \
  -Mdist/default/production/06_LED_dimmer.X.production.map \
  --md=C:\Users\ASUS\AppData\Local\Temp\xcBsdbs.dat -E1 -ver=XC8 Compiler \
  --acfsm=1493 -ACODE=00h-07FFhx4 -ASTRCODE=00h-01FFFh -ASTRING=00h-0FFhx32 \
  -ACONST=00h-0FFhx32 -AENTRY=00h-0FFhx32 -ACOMMON=070h-07Fh \
  -ABANK0=020h-06Fh -ABANK1=0A0h-0EFh -ABANK2=0110h-016Fh \
  -ABANK3=0190h-01EFh -ARAM=020h-06Fh,0A0h-0EFh,0110h-016Fh,0190h-01EFh \
  -AABS1=020h-07Fh,0A0h-0EFh,0110h-016Fh,0190h-01EFh -ASFR0=00h-01Fh \
  -ASFR1=080h-09Fh -ASFR2=0100h-010Fh -ASFR3=0180h-018Fh \
  -ACONFIG=02007h-02007h -DCONFIG=2 -AIDLOC=02000h-02003h -DIDLOC=2 \
  -AEEDATA=00h-0FFh/02100h -peeprom_data=EEDATA -DEEDATA=2 -DCODE=2 \
  -DSTRCODE=2 -DSTRING=2 -DCONST=2 -DENTRY=2 \
  -preset_vec=00h,intentry,init,end_init -ppowerup=CODE -pcinit=CODE \
  -pfunctab=ENTRY -k C:\Users\ASUS\AppData\Local\Temp\xcAsdbs.o \
  dist/default/production\06_LED_dimmer.X.production.o 

Object code version is 3.11

Machine type is 16F877A



                Name                               Link     Load   Length Selector   Space Scale
C:\Users\ASUS\AppData\Local\Temp\xcAsdbs.o
                end_init                              0        0        3        0       0
                config                             2007     2007        1        0       4
dist/default/production\06_LED_dimmer.X.production.o
                cinit                               7F6      7F6        A      FEC       0
                config                             2007     2007        1        0       4
                text3                               6CA      6CA        6      D94       0
                text2                               6D0      6D0        C      DA0       0
                text1                               6DC      6DC       2A      DB8       0
                maintext                            706      706       F0      E0C       0
                cstackBANK0                          20       20        F       20       1
                cstackCOMMON                         70       70        6       70       1
                dataCOMMON                           76       76        1       70       1
                idataCOMMON                         6C9      6C9        1      D92       0

TOTAL           Name                               Link     Load   Length     Space
        CLASS   CODE           
                end_init                              0        0        3         0
                cinit                               7F6      7F6        A         0
                text3                               6CA      6CA        6         0
                text2                               6D0      6D0        C         0
                text1                               6DC      6DC       2A         0
                maintext                            706      706       F0         0
                idataCOMMON                         6C9      6C9        1         0

        CLASS   STRCODE        

        CLASS   STRING         

        CLASS   CONST          

        CLASS   ENTRY          

        CLASS   COMMON         
                cstackCOMMON                         70       70        6         1
                dataCOMMON                           76       76        1         1

        CLASS   BANK0          
                cstackBANK0                          20       20        F         1

        CLASS   BANK1          

        CLASS   BANK2          

        CLASS   BANK3          

        CLASS   RAM            

        CLASS   ABS1           
                abs_s1                               7E       7E        2         1

        CLASS   SFR0           

        CLASS   SFR1           

        CLASS   SFR2           

        CLASS   SFR3           

        CLASS   CONFIG         
                config                             2007     2007        1         4

        CLASS   IDLOC          

        CLASS   EEDATA         

        CLASS   STACK          



SEGMENTS        Name                           Load    Length   Top    Selector   Space  Class     Delta

                reset_vec                      000000  000003  000003         0       0  CODE        2
                cstackBANK0                    000020  00000F  00002F        20       1  BANK0       1
                cstackCOMMON                   000070  000007  000077        70       1  COMMON      1
                idataCOMMON                    0006C9  000001  0006CA       D92       0  CODE        2
                text3                          0006CA  000006  0006D0       D94       0  CODE        2
                text2                          0006D0  00000C  0006DC       DA0       0  CODE        2
                text1                          0006DC  00002A  000706       DB8       0  CODE        2
                maintext                       000706  0000F0  0007F6       E0C       0  CODE        2
                cinit                          0007F6  00000A  000800       FEC       0  CODE        2


UNUSED ADDRESS RANGES

        Name                Unused          Largest block    Delta
        BANK0            002F-006F             41           1
        BANK1            00A0-00EF             50           1
        BANK2            0110-016F             60           1
        BANK3            0190-01EF             60           1
        CODE             0003-06C8            6C6           2
                         0800-1FFF            800
        COMMON           0077-007D              7           1
        CONST            0003-06C8            100           2
                         0800-1FFF            100
        EEDATA           2100-21FF            100           2
        ENTRY            0003-06C8            100           2
                         0800-1FFF            100
        IDLOC            2000-2003              4           2
        RAM              002F-006F             41           1
                         00A0-00EF             50
                         0110-016F             60
                         0190-01EF             60
        SFR0             0000-001F             20           1
        SFR1             0080-009F             20           1
        SFR2             0100-010F             10           1
        SFR3             0180-018F             10           1
        STRCODE          0003-06C8            6C6           2
                         0800-1FFF           1800
        STRING           0003-06C8            100           2
                         0800-1FFF            100

                                  Symbol Table

_PORTB                       (abs)        0006
_PORTD                       (abs)        0008
_RD0                         (abs)        0040
_TRISB                       (abs)        0086
_TRISD                       (abs)        0088
__Habs1                      abs1         0000
__Hbank0                     bank0        0000
__Hbank1                     bank1        0000
__Hbank2                     bank2        0000
__Hbank3                     bank3        0000
__Hcinit                     cinit        0800
__Hclrtext                   clrtext      0000
__Hcode                      code         0000
__Hcommon                    common       0000
__Hconfig                    config       2008
__HcstackBANK0               cstackBANK0  0000
__HcstackCOMMON              cstackCOMMON 0000
__HdataCOMMON                dataCOMMON   0000
__Heeprom_data               eeprom_data  0000
__Hend_init                  end_init     0003
__Hfunctab                   functab      0000
__HidataCOMMON               idataCOMMON  0000
__Hinit                      init         0000
__Hintentry                  intentry     0000
__Hmaintext                  maintext     0000
__Hpowerup                   powerup      0000
__Hram                       ram          0000
__Hreset_vec                 reset_vec    0000
__Hsfr0                      sfr0         0000
__Hsfr1                      sfr1         0000
__Hsfr2                      sfr2         0000
__Hsfr3                      sfr3         0000
__Hspace_0                   (abs)        0800
__Hspace_1                   (abs)        0077
__Hspace_2                   (abs)        0000
__Hspace_3                   (abs)        0000
__Hspace_4                   (abs)        400F
__Hstack                     stack        0000
__Hstrings                   strings      0000
__Htext                      text         0000
__Labs1                      abs1         0000
__Lbank0                     bank0        0000
__Lbank1                     bank1        0000
__Lbank2                     bank2        0000
__Lbank3                     bank3        0000
__Lcinit                     cinit        07F6
__Lclrtext                   clrtext      0000
__Lcode                      code         0000
__Lcommon                    common       0000
__Lconfig                    config       0000
__LcstackBANK0               cstackBANK0  0000
__LcstackCOMMON              cstackCOMMON 0000
__LdataCOMMON                dataCOMMON   0000
__Leeprom_data               eeprom_data  0000
__Lend_init                  end_init     0000
__Lfunctab                   functab      0000
__LidataCOMMON               idataCOMMON  0000
__Linit                      init         0000
__Lintentry                  intentry     0000
__Lmaintext                  maintext     0000
__Lpowerup                   powerup      0000
__Lram                       ram          0000
__Lreset_vec                 reset_vec    0000
__Lsfr0                      sfr0         0000
__Lsfr1                      sfr1         0000
__Lsfr2                      sfr2         0000
__Lsfr3                      sfr3         0000
__Lspace_0                   (abs)        0000
__Lspace_1                   (abs)        0000
__Lspace_2                   (abs)        0000
__Lspace_3                   (abs)        0000
__Lspace_4                   (abs)        0000
__Lstack                     stack        0000
__Lstrings                   strings      0000
__Ltext                      text         0000
__S0                         (abs)        0800
__S1                         (abs)        0077
__S3                         (abs)        0000
___int_sp                    stack        0000
___latbits                   (abs)        0002
___sp                        stack        0000
___stackhi                   (abs)        0000
___stacklo                   (abs)        0000
__end_of__initialization     cinit        07FC
__end_of_init_config         text2        06DC
__end_of_init_digital_keypad text3        06D0
__end_of_main                maintext     07F6
__end_of_read_digital_keypad text1        0706
__initialization             cinit        07F6
__pcstackBANK0               cstackBANK0  0020
__pcstackCOMMON              cstackCOMMON 0070
__pdataCOMMON                dataCOMMON   0076
__pidataCOMMON               idataCOMMON  06C9
__pmaintext                  maintext     0706
__ptext1                     text1        06DC
__ptext2                     text2        06D0
__ptext3                     text3        06CA
_init_config                 text2        06D0
_init_digital_keypad         text3        06CA
_main                        maintext     0706
_read_digital_keypad         text1        06DC
btemp                        (abs)        007E
end_of_initialization        cinit        07FC
intlevel0                    functab      0000
intlevel1                    functab      0000
intlevel2                    functab      0000
intlevel3                    functab      0000
intlevel4                    functab      0000
intlevel5                    functab      0000
main@duty_cycle              cstackBANK0  002B
main@key                     cstackBANK0  002A
main@loop_counter            cstackBANK0  0028
main@period                  cstackBANK0  0024
main@wait                    cstackBANK0  0020
read_digital_keypad@mode     cstackCOMMON 0071
read_digital_keypad@once     dataCOMMON   0076
reset_vec                    reset_vec    0000
start                        init         0000
start_initialization         cinit        07F6
wtemp0                       (abs)        007E


MODULE INFORMATION

Module		Function		Class		Link	Load	Size
digital_keypad.c
		_init_digital_keypad		CODE           	06CA	0000	6
		_read_digital_keypad		CODE           	06DC	0000	42

digital_keypad.c estimated size: 48

shared
		__initialization		CODE           	07F6	0000	6

shared estimated size: 6

main.c
		_main          		CODE           	0706	0000	240
		_init_config   		CODE           	06D0	0000	12

main.c estimated size: 252

