Microchip MPLAB XC8 Compiler V2.40

Linker command line:

-W-3 \
  --edf=C:\Program Files\Microchip\xc8\v2.40\pic\dat\20220703182018_en.msgs \
  -cn \
  -h+dist/default/production\A14_4_digit_key_press_counter_with_persistence_ext.X.production.sym \
  --cmf=dist/default/production\A14_4_digit_key_press_counter_with_persistence_ext.X.production.cmf \
  -z -Q16F877A -oC:\Users\ASUS\AppData\Local\Temp\xcAs8b8.4 \
  --defsym=__MPLAB_BUILD=1 --fixupoverflow=error \
  -Mdist/default/production/A14_4_digit_key_press_counter_with_persistence_ext.X.production.map \
  --md=C:\Users\ASUS\AppData\Local\Temp\xcAs8b8.dat -E1 -ver=XC8 Compiler \
  --acfsm=1493 -ACODE=00h-07FFhx4 -ASTRCODE=00h-01FFFh -ASTRING=00h-0FFhx32 \
  -ACONST=00h-0FFhx32 -AENTRY=00h-0FFhx32 -ACOMMON=070h-07Fh \
  -ABANK0=020h-06Fh -ABANK1=0A0h-0EFh -ABANK2=0110h-016Fh \
  -ABANK3=0190h-01EFh -ARAM=020h-06Fh,0A0h-0EFh,0110h-016Fh,0190h-01EFh \
  -AABS1=020h-07Fh,0A0h-0EFh,0110h-016Fh,0190h-01EFh -ASFR0=00h-01Fh \
  -ASFR1=080h-09Fh -ASFR2=0100h-010Fh -ASFR3=0180h-018Fh \
  -ACONFIG=02007h-02007h -DCONFIG=2 -AIDLOC=02000h-02003h -DIDLOC=2 \
  -AEEDATA=00h-0FFh/02100h -peeprom_data=EEDATA -DEEDATA=2 -DCODE=2 \
  -DSTRCODE=2 -DSTRING=2 -DCONST=2 -DENTRY=2 \
  -preset_vec=00h,intentry,init,end_init -ppowerup=CODE -pcinit=CODE \
  -pfunctab=ENTRY -k C:\Users\ASUS\AppData\Local\Temp\xcAs8b8.o \
  dist/default/production\A14_4_digit_key_press_counter_with_persistence_ext.X.production.o 

Object code version is 3.11

Machine type is 16F877A



                Name                               Link     Load   Length Selector   Space Scale
C:\Users\ASUS\AppData\Local\Temp\xcAs8b8.o
                end_init                              0        0        3        0       0
                config                             2007     2007        1        0       4
dist/default/production\A14_4_digit_key_press_counter_with_persistence_ext.X.production.o
                cinit                               7EE      7EE       12      FDC       0
                config                             2007     2007        1        0       4
                text17                              4ED      4ED       44      9DA       0
                text16                              4B3      4B3       3A      966       0
                text15                              5C2      5C2       56      B84       0
                text14                              3F1      3F1        D      7E2       0
                text13                              411      411       21      822       0
                text12                              3BD      3BD        9      77A       0
                text11                              3C6      3C6        9      78C       0
                text10                              3CF      3CF        B      79E       0
                text9                               531      531       47      A62       0
                text8                               618      618       61      C30       0
                text7                               432      432       25      864       0
                text6                               3B7      3B7        6      76E       0
                text5                               679      679       66      CF2       0
                text4                               481      481       32      902       0
                text3                               3E5      3E5        C      7CA       0
                text2                               578      578       4A      AF0       0
                text1                               457      457       2A      8AE       0
                maintext                            6DF      6DF      10F      DBE       0
                cstackBANK0                          20       20       21       20       1
                cstackCOMMON                         70       70        E       70       1
                inittext                            3FE      3FE       13      7FC       0
                dataBANK0                            41       41        B       20       1
                nvBANK0                              4C       4C        2       20       1
                idataBANK0                          3DA      3DA        B      7B4       0

TOTAL           Name                               Link     Load   Length     Space
        CLASS   CODE           
                end_init                              0        0        3         0
                cinit                               7EE      7EE       12         0
                text17                              4ED      4ED       44         0
                text16                              4B3      4B3       3A         0
                text15                              5C2      5C2       56         0
                text14                              3F1      3F1        D         0
                text13                              411      411       21         0
                text12                              3BD      3BD        9         0
                text11                              3C6      3C6        9         0
                text10                              3CF      3CF        B         0
                text9                               531      531       47         0
                text8                               618      618       61         0
                text7                               432      432       25         0
                text6                               3B7      3B7        6         0
                text5                               679      679       66         0
                text4                               481      481       32         0
                text3                               3E5      3E5        C         0
                text2                               578      578       4A         0
                text1                               457      457       2A         0
                maintext                            6DF      6DF      10F         0
                inittext                            3FE      3FE       13         0
                idataBANK0                          3DA      3DA        B         0

        CLASS   STRCODE        

        CLASS   STRING         

        CLASS   CONST          

        CLASS   ENTRY          

        CLASS   COMMON         
                cstackCOMMON                         70       70        E         1

        CLASS   BANK0          
                cstackBANK0                          20       20       21         1
                dataBANK0                            41       41        B         1
                nvBANK0                              4C       4C        2         1

        CLASS   BANK1          

        CLASS   BANK2          

        CLASS   BANK3          

        CLASS   RAM            

        CLASS   ABS1           
                abs_s1                               7E       7E        2         1

        CLASS   SFR0           

        CLASS   SFR1           

        CLASS   SFR2           

        CLASS   SFR3           

        CLASS   CONFIG         
                config                             2007     2007        1         4

        CLASS   IDLOC          

        CLASS   EEDATA         

        CLASS   STACK          



SEGMENTS        Name                           Load    Length   Top    Selector   Space  Class     Delta

                reset_vec                      000000  000003  000003         0       0  CODE        2
                cstackBANK0                    000020  00002E  00004E        20       1  BANK0       1
                cstackCOMMON                   000070  00000E  00007E        70       1  COMMON      1
                text6                          0003B7  000006  0003BD       76E       0  CODE        2
                text12                         0003BD  000009  0003C6       77A       0  CODE        2
                text11                         0003C6  000009  0003CF       78C       0  CODE        2
                text10                         0003CF  00000B  0003DA       79E       0  CODE        2
                idataBANK0                     0003DA  00000B  0003E5       7B4       0  CODE        2
                text3                          0003E5  00000C  0003F1       7CA       0  CODE        2
                text14                         0003F1  00000D  0003FE       7E2       0  CODE        2
                inittext                       0003FE  000013  000411       7FC       0  CODE        2
                text13                         000411  000021  000432       822       0  CODE        2
                text7                          000432  000025  000457       864       0  CODE        2
                text1                          000457  00002A  000481       8AE       0  CODE        2
                text4                          000481  000032  0004B3       902       0  CODE        2
                text16                         0004B3  00003A  0004ED       966       0  CODE        2
                text17                         0004ED  000044  000531       9DA       0  CODE        2
                text9                          000531  000047  000578       A62       0  CODE        2
                text2                          000578  00004A  0005C2       AF0       0  CODE        2
                text15                         0005C2  000056  000618       B84       0  CODE        2
                text8                          000618  000061  000679       C30       0  CODE        2
                text5                          000679  000066  0006DF       CF2       0  CODE        2
                maintext                       0006DF  00010F  0007EE       DBE       0  CODE        2
                cinit                          0007EE  000012  000800       FDC       0  CODE        2


UNUSED ADDRESS RANGES

        Name                Unused          Largest block    Delta
        BANK0            004E-006F             22           1
        BANK1            00A0-00EF             50           1
        BANK2            0110-016F             60           1
        BANK3            0190-01EF             60           1
        CODE             0003-03B6            3B4           2
                         0800-1FFF            800
        CONST            0003-03B6            100           2
                         0800-1FFF            100
        EEDATA           2100-21FF            100           2
        ENTRY            0003-03B6            100           2
                         0800-1FFF            100
        IDLOC            2000-2003              4           2
        RAM              004E-006F             22           1
                         00A0-00EF             50
                         0110-016F             60
                         0190-01EF             60
        SFR0             0000-001F             20           1
        SFR1             0080-009F             20           1
        SFR2             0100-010F             10           1
        SFR3             0180-018F             10           1
        STRCODE          0003-03B6            3B4           2
                         0800-1FFF           1800
        STRING           0003-03B6            100           2
                         0800-1FFF            100

                                  Symbol Table

?___lldiv                    cstackCOMMON 0070
?___lwdiv                    cstackCOMMON 0076
?___lwmod                    cstackCOMMON 0070
?___wmul                     cstackCOMMON 0077
_ACKDT                       (abs)        048D
_ACKEN                       (abs)        048C
_ACKSTAT                     (abs)        048E
_PEN                         (abs)        048A
_PORTA                       (abs)        0005
_PORTB                       (abs)        0006
_PORTD                       (abs)        0008
_RCEN                        (abs)        048B
_R_nW                        (abs)        04A2
_SEN                         (abs)        0488
_SSPADD                      (abs)        0093
_SSPBUF                      (abs)        0013
_SSPCON2                     (abs)        0091
_SSPEN                       (abs)        00A5
_SSPM3                       (abs)        00A3
_TRISA                       (abs)        0085
_TRISB                       (abs)        0086
_TRISD                       (abs)        0088
__Habs1                      abs1         0000
__Hbank0                     bank0        0000
__Hbank1                     bank1        0000
__Hbank2                     bank2        0000
__Hbank3                     bank3        0000
__Hcinit                     cinit        0800
__Hclrtext                   clrtext      0000
__Hcode                      code         0000
__Hcommon                    common       0000
__Hconfig                    config       2008
__HcstackBANK0               cstackBANK0  0000
__HcstackCOMMON              cstackCOMMON 0000
__HdataBANK0                 dataBANK0    0000
__Heeprom_data               eeprom_data  0000
__Hend_init                  end_init     0003
__Hfunctab                   functab      0000
__HidataBANK0                idataBANK0   0000
__Hinit                      init         0000
__Hinittext                  inittext     0000
__Hintentry                  intentry     0000
__Hmaintext                  maintext     0000
__HnvBANK0                   nvBANK0      0000
__Hpowerup                   powerup      0000
__Hram                       ram          0000
__Hreset_vec                 reset_vec    0000
__Hsfr0                      sfr0         0000
__Hsfr1                      sfr1         0000
__Hsfr2                      sfr2         0000
__Hsfr3                      sfr3         0000
__Hspace_0                   (abs)        0800
__Hspace_1                   (abs)        007E
__Hspace_2                   (abs)        0000
__Hspace_3                   (abs)        0000
__Hspace_4                   (abs)        400F
__Hstack                     stack        0000
__Hstrings                   strings      0000
__Htext                      text         0000
__Labs1                      abs1         0000
__Lbank0                     bank0        0000
__Lbank1                     bank1        0000
__Lbank2                     bank2        0000
__Lbank3                     bank3        0000
__Lcinit                     cinit        07EE
__Lclrtext                   clrtext      0000
__Lcode                      code         0000
__Lcommon                    common       0000
__Lconfig                    config       0000
__LcstackBANK0               cstackBANK0  0000
__LcstackCOMMON              cstackCOMMON 0000
__LdataBANK0                 dataBANK0    0000
__Leeprom_data               eeprom_data  0000
__Lend_init                  end_init     0000
__Lfunctab                   functab      0000
__LidataBANK0                idataBANK0   0000
__Linit                      init         0000
__Linittext                  inittext     0000
__Lintentry                  intentry     0000
__Lmaintext                  maintext     0000
__LnvBANK0                   nvBANK0      0000
__Lpowerup                   powerup      0000
__Lram                       ram          0000
__Lreset_vec                 reset_vec    0000
__Lsfr0                      sfr0         0000
__Lsfr1                      sfr1         0000
__Lsfr2                      sfr2         0000
__Lsfr3                      sfr3         0000
__Lspace_0                   (abs)        0000
__Lspace_1                   (abs)        0000
__Lspace_2                   (abs)        0000
__Lspace_3                   (abs)        0000
__Lspace_4                   (abs)        0000
__Lstack                     stack        0000
__Lstrings                   strings      0000
__Ltext                      text         0000
__S0                         (abs)        0800
__S1                         (abs)        007E
__S3                         (abs)        0000
___int_sp                    stack        0000
___latbits                   (abs)        0002
___lldiv                     text5        0679
___lldiv@counter             cstackCOMMON 007D
___lldiv@dividend            cstackCOMMON 0074
___lldiv@divisor             cstackCOMMON 0070
___lldiv@quotient            cstackCOMMON 0079
___lwdiv                     text17       04ED
___lwdiv@counter             cstackCOMMON 007D
___lwdiv@dividend            cstackCOMMON 0078
___lwdiv@divisor             cstackCOMMON 0076
___lwdiv@quotient            cstackCOMMON 007B
___lwmod                     text16       04B3
___lwmod@counter             cstackCOMMON 0075
___lwmod@dividend            cstackCOMMON 0072
___lwmod@divisor             cstackCOMMON 0070
___sp                        stack        0000
___stackhi                   (abs)        0000
___stacklo                   (abs)        0000
___wmul                      text7        0432
___wmul@multiplicand         cstackCOMMON 0079
___wmul@multiplier           cstackCOMMON 0077
___wmul@product              cstackCOMMON 007B
__end_of___lldiv             text5        06DF
__end_of___lwdiv             text17       0531
__end_of___lwmod             text16       04ED
__end_of___wmul              text7        0457
__end_of__initialization     cinit        07FC
__end_of_display             text15       0618
__end_of_eeprom_ext_read     text9        0578
__end_of_eeprom_ext_write    text8        0679
__end_of_i2c_read            text13       0432
__end_of_i2c_start           text12       03C6
__end_of_i2c_stop            text11       03CF
__end_of_i2c_wait_for_idle   text14       03FE
__end_of_i2c_write           text10       03DA
__end_of_init_config         text2        05C2
__end_of_init_digital_keypad text6        03BD
__end_of_init_i2c            text4        04B3
__end_of_init_ssd            text3        03F1
__end_of_main                maintext     07EE
__end_of_read_digital_keypad text1        0481
__initialization             cinit        07EE
__pcstackBANK0               cstackBANK0  0020
__pcstackCOMMON              cstackCOMMON 0070
__pdataBANK0                 dataBANK0    0041
__pidataBANK0                idataBANK0   03DA
__pmaintext                  maintext     06DF
__pnvBANK0                   nvBANK0      004C
__ptext1                     text1        0457
__ptext10                    text10       03CF
__ptext11                    text11       03C6
__ptext12                    text12       03BD
__ptext13                    text13       0411
__ptext14                    text14       03F1
__ptext15                    text15       05C2
__ptext16                    text16       04B3
__ptext17                    text17       04ED
__ptext2                     text2        0578
__ptext3                     text3        03E5
__ptext4                     text4        0481
__ptext5                     text5        0679
__ptext6                     text6        03B7
__ptext7                     text7        0432
__ptext8                     text8        0618
__ptext9                     text9        0531
_count                       nvBANK0      004C
_display                     text15       05C2
_eeprom_ext_read             text9        0531
_eeprom_ext_write            text8        0618
_i2c_read                    text13       0411
_i2c_start                   text12       03BD
_i2c_stop                    text11       03C6
_i2c_wait_for_idle           text14       03F1
_i2c_write                   text10       03CF
_init_config                 text2        0578
_init_digital_keypad         text6        03B7
_init_i2c                    text4        0481
_init_ssd                    text3        03E5
_main                        maintext     06DF
_read_digital_keypad         text1        0457
btemp                        (abs)        007E
display@data                 cstackCOMMON 0078
display@digit                cstackCOMMON 0079
display@wait                 cstackCOMMON 0074
eeprom_ext_read@addr         cstackCOMMON 0072
eeprom_ext_read@ah           cstackCOMMON 0076
eeprom_ext_read@al           cstackCOMMON 0075
eeprom_ext_read@ret          cstackCOMMON 0074
eeprom_ext_write@addr        cstackBANK0  0020
eeprom_ext_write@ah          cstackBANK0  0025
eeprom_ext_write@al          cstackBANK0  0026
eeprom_ext_write@nt          cstackBANK0  0027
eeprom_ext_write@tmp         cstackBANK0  0028
eeprom_ext_write@val         cstackBANK0  0022
end_of_initialization        cinit        07FC
i2c_read@ack                 cstackCOMMON 0070
i2c_read@data                cstackCOMMON 0071
i2c_write@data               cstackCOMMON 0070
init_fetch0                  inittext     03FE
init_i2c@baud                cstackBANK0  0020
init_ram0                    inittext     0402
intlevel0                    functab      0000
intlevel1                    functab      0000
intlevel2                    functab      0000
intlevel3                    functab      0000
intlevel4                    functab      0000
intlevel5                    functab      0000
main@F874                    dataBANK0    0041
main@digit                   cstackBANK0  0030
main@key_inc                 cstackBANK0  0040
main@key_lp                  cstackBANK0  003E
main@ssd                     cstackBANK0  003A
main@wait                    cstackBANK0  003F
read_digital_keypad@mode     cstackCOMMON 0071
read_digital_keypad@once     dataBANK0    004B
reset_vec                    reset_vec    0000
start                        init         0000
start_initialization         cinit        07EE
wtemp0                       (abs)        007E


MODULE INFORMATION

Module		Function		Class		Link	Load	Size
ssd.c
		_init_ssd      		CODE           	03E5	0000	12
		_display       		CODE           	05C2	0000	86

ssd.c estimated size: 98

eeprom_ext.c
		_eeprom_ext_write		CODE           	0618	0000	97
		_eeprom_ext_read		CODE           	0531	0000	71

eeprom_ext.c estimated size: 168

digital_keypad.c
		_init_digital_keypad		CODE           	03B7	0000	6
		_read_digital_keypad		CODE           	0457	0000	42

digital_keypad.c estimated size: 48

i2c.c
		_i2c_start     		CODE           	03BD	0000	9
		_i2c_write     		CODE           	03CF	0000	11
		_i2c_stop      		CODE           	03C6	0000	9
		_i2c_read      		CODE           	0411	0000	33
		_init_i2c      		CODE           	0481	0000	50
		_i2c_wait_for_idle		CODE           	03F1	0000	13

i2c.c estimated size: 125

C:\Program Files\Microchip\xc8\v2.40\pic\sources\c90\common\__lldiv.c
		___lldiv       		CODE           	0679	0000	102

C:\Program Files\Microchip\xc8\v2.40\pic\sources\c90\common\__lldiv.c estimated size: 102

C:\Program Files\Microchip\xc8\v2.40\pic\sources\c90\common\Umul16.c
		___wmul        		CODE           	0432	0000	37

C:\Program Files\Microchip\xc8\v2.40\pic\sources\c90\common\Umul16.c estimated size: 37

C:\Program Files\Microchip\xc8\v2.40\pic\sources\c90\common\lwmod.c
		___lwmod       		CODE           	04B3	0000	58

C:\Program Files\Microchip\xc8\v2.40\pic\sources\c90\common\lwmod.c estimated size: 58

shared
		__initialization		CODE           	07EE	0000	14

shared estimated size: 14

main.c
		_main          		CODE           	06DF	0000	271
		_init_config   		CODE           	0578	0000	74

main.c estimated size: 345

C:\Program Files\Microchip\xc8\v2.40\pic\sources\c90\common\lwdiv.c
		___lwdiv       		CODE           	04ED	0000	68

C:\Program Files\Microchip\xc8\v2.40\pic\sources\c90\common\lwdiv.c estimated size: 68

