Microchip MPLAB XC8 Compiler V2.40

Linker command line:

-W-3 \
  --edf=C:\Program Files\Microchip\xc8\v2.40\pic\dat\20220703182018_en.msgs \
  -cn \
  -h+dist/default/production\A11_Right_scroll_msg_marquee.X.production.sym \
  --cmf=dist/default/production\A11_Right_scroll_msg_marquee.X.production.cmf \
  -z -Q16F877A -oC:\Users\ASUS\AppData\Local\Temp\xcAsqf4.4 \
  --defsym=__MPLAB_BUILD=1 --fixupoverflow=error \
  -Mdist/default/production/A11_Right_scroll_msg_marquee.X.production.map \
  --md=C:\Users\ASUS\AppData\Local\Temp\xcAsqf4.dat -E1 -ver=XC8 Compiler \
  --acfsm=1493 -ACODE=00h-07FFhx4 -ASTRCODE=00h-01FFFh -ASTRING=00h-0FFhx32 \
  -ACONST=00h-0FFhx32 -AENTRY=00h-0FFhx32 -ACOMMON=070h-07Fh \
  -ABANK0=020h-06Fh -ABANK1=0A0h-0EFh -ABANK2=0110h-016Fh \
  -ABANK3=0190h-01EFh -ARAM=020h-06Fh,0A0h-0EFh,0110h-016Fh,0190h-01EFh \
  -AABS1=020h-07Fh,0A0h-0EFh,0110h-016Fh,0190h-01EFh -ASFR0=00h-01Fh \
  -ASFR1=080h-09Fh -ASFR2=0100h-010Fh -ASFR3=0180h-018Fh \
  -ACONFIG=02007h-02007h -DCONFIG=2 -AIDLOC=02000h-02003h -DIDLOC=2 \
  -AEEDATA=00h-0FFh/02100h -peeprom_data=EEDATA -DEEDATA=2 -DCODE=2 \
  -DSTRCODE=2 -DSTRING=2 -DCONST=2 -DENTRY=2 \
  -preset_vec=00h,intentry,init,end_init -ppowerup=CODE -pcinit=CODE \
  -pfunctab=ENTRY -k C:\Users\ASUS\AppData\Local\Temp\xcAsqf4.o \
  dist/default/production\A11_Right_scroll_msg_marquee.X.production.o 

Object code version is 3.11

Machine type is 16F877A



                Name                               Link     Load   Length Selector   Space Scale
C:\Users\ASUS\AppData\Local\Temp\xcAsqf4.o
                end_init                              0        0        3        0       0
                config                             2007     2007        1        0       4
dist/default/production\A11_Right_scroll_msg_marquee.X.production.o
                cinit                               7EE      7EE       12      FDC       0
                config                             2007     2007        1        0       4
                text5                               6DE      6DE       20      DBC       0
                text4                               6FE      6FE       2F      DFC       0
                text3                               72D      72D       57      E5A       0
                text2                               6AF      6AF        B      D5E       0
                text1                               6A9      6A9        6      D52       0
                maintext                            784      784       6A      F08       0
                cstackBANK0                          20       20       16       20       1
                cstackCOMMON                         70       70        B       70       1
                inittext                            6CB      6CB       13      D96       0
                dataBANK0                            36       36       11       20       1
                strings                               3        3       20        6       0
                idataBANK0                          6BA      6BA       11      D74       0

TOTAL           Name                               Link     Load   Length     Space
        CLASS   CODE           
                end_init                              0        0        3         0
                cinit                               7EE      7EE       12         0
                text5                               6DE      6DE       20         0
                text4                               6FE      6FE       2F         0
                text3                               72D      72D       57         0
                text2                               6AF      6AF        B         0
                text1                               6A9      6A9        6         0
                maintext                            784      784       6A         0
                inittext                            6CB      6CB       13         0
                idataBANK0                          6BA      6BA       11         0

        CLASS   STRCODE        

        CLASS   STRING         
                strings                               3        3       20         0

        CLASS   CONST          

        CLASS   ENTRY          

        CLASS   COMMON         
                cstackCOMMON                         70       70        B         1

        CLASS   BANK0          
                cstackBANK0                          20       20       16         1
                dataBANK0                            36       36       11         1

        CLASS   BANK1          

        CLASS   BANK2          

        CLASS   BANK3          

        CLASS   RAM            

        CLASS   ABS1           
                abs_s1                               7E       7E        2         1

        CLASS   SFR0           

        CLASS   SFR1           

        CLASS   SFR2           

        CLASS   SFR3           

        CLASS   CONFIG         
                config                             2007     2007        1         4

        CLASS   IDLOC          

        CLASS   EEDATA         

        CLASS   STACK          



SEGMENTS        Name                           Load    Length   Top    Selector   Space  Class     Delta

                reset_vec                      000000  000003  000003         0       0  CODE        2
                strings                        000003  000020  000023         6       0  STRING      2
                cstackBANK0                    000020  000027  000047        20       1  BANK0       1
                cstackCOMMON                   000070  00000B  00007B        70       1  COMMON      1
                text1                          0006A9  000006  0006AF       D52       0  CODE        2
                text2                          0006AF  00000B  0006BA       D5E       0  CODE        2
                idataBANK0                     0006BA  000011  0006CB       D74       0  CODE        2
                inittext                       0006CB  000013  0006DE       D96       0  CODE        2
                text5                          0006DE  000020  0006FE       DBC       0  CODE        2
                text4                          0006FE  00002F  00072D       DFC       0  CODE        2
                text3                          00072D  000057  000784       E5A       0  CODE        2
                maintext                       000784  00006A  0007EE       F08       0  CODE        2
                cinit                          0007EE  000012  000800       FDC       0  CODE        2


UNUSED ADDRESS RANGES

        Name                Unused          Largest block    Delta
        BANK0            0047-006F             29           1
        BANK1            00A0-00EF             50           1
        BANK2            0110-016F             60           1
        BANK3            0190-01EF             60           1
        CODE             0023-06A8            686           2
                         0800-1FFF            800
        COMMON           007B-007D              3           1
        CONST            0023-06A8            100           2
                         0800-1FFF            100
        EEDATA           2100-21FF            100           2
        ENTRY            0023-06A8            100           2
                         0800-1FFF            100
        IDLOC            2000-2003              4           2
        RAM              0047-006F             29           1
                         00A0-00EF             50
                         0110-016F             60
                         0190-01EF             60
        SFR0             0000-001F             20           1
        SFR1             0080-009F             20           1
        SFR2             0100-010F             10           1
        SFR3             0180-018F             10           1
        STRCODE          0023-06A8            686           2
                         0800-1FFF           1800
        STRING           0023-06A8            100           2
                         0800-1FFF            100

                                  Symbol Table

_PORTD                           (abs)        0008
_RE1                             (abs)        0049
_RE2                             (abs)        004A
_TRISD                           (abs)        0088
_TRISE1                          (abs)        0449
_TRISE2                          (abs)        044A
__Habs1                          abs1         0000
__Hbank0                         bank0        0000
__Hbank1                         bank1        0000
__Hbank2                         bank2        0000
__Hbank3                         bank3        0000
__Hcinit                         cinit        0800
__Hclrtext                       clrtext      0000
__Hcode                          code         0000
__Hcommon                        common       0000
__Hconfig                        config       2008
__HcstackBANK0                   cstackBANK0  0000
__HcstackCOMMON                  cstackCOMMON 0000
__HdataBANK0                     dataBANK0    0000
__Heeprom_data                   eeprom_data  0000
__Hend_init                      end_init     0003
__Hfunctab                       functab      0000
__HidataBANK0                    idataBANK0   0000
__Hinit                          init         0000
__Hinittext                      inittext     0000
__Hintentry                      intentry     0000
__Hmaintext                      maintext     0000
__Hpowerup                       powerup      0000
__Hram                           ram          0000
__Hreset_vec                     reset_vec    0000
__Hsfr0                          sfr0         0000
__Hsfr1                          sfr1         0000
__Hsfr2                          sfr2         0000
__Hsfr3                          sfr3         0000
__Hspace_0                       (abs)        0800
__Hspace_1                       (abs)        007B
__Hspace_2                       (abs)        0000
__Hspace_3                       (abs)        0000
__Hspace_4                       (abs)        400F
__Hstack                         stack        0000
__Hstrings                       strings      0000
__Htext                          text         0000
__Labs1                          abs1         0000
__Lbank0                         bank0        0000
__Lbank1                         bank1        0000
__Lbank2                         bank2        0000
__Lbank3                         bank3        0000
__Lcinit                         cinit        07EE
__Lclrtext                       clrtext      0000
__Lcode                          code         0000
__Lcommon                        common       0000
__Lconfig                        config       0000
__LcstackBANK0                   cstackBANK0  0000
__LcstackCOMMON                  cstackCOMMON 0000
__LdataBANK0                     dataBANK0    0000
__Leeprom_data                   eeprom_data  0000
__Lend_init                      end_init     0000
__Lfunctab                       functab      0000
__LidataBANK0                    idataBANK0   0000
__Linit                          init         0000
__Linittext                      inittext     0000
__Lintentry                      intentry     0000
__Lmaintext                      maintext     0000
__Lpowerup                       powerup      0000
__Lram                           ram          0000
__Lreset_vec                     reset_vec    0000
__Lsfr0                          sfr0         0000
__Lsfr1                          sfr1         0000
__Lsfr2                          sfr2         0000
__Lsfr3                          sfr3         0000
__Lspace_0                       (abs)        0000
__Lspace_1                       (abs)        0000
__Lspace_2                       (abs)        0000
__Lspace_3                       (abs)        0000
__Lspace_4                       (abs)        0000
__Lstack                         stack        0000
__Lstrings                       strings      0000
__Ltext                          text         0000
__S0                             (abs)        0800
__S1                             (abs)        007B
__S3                             (abs)        0000
___int_sp                        stack        0000
___latbits                       (abs)        0002
___sp                            stack        0000
___stackhi                       (abs)        0000
___stacklo                       (abs)        0000
__end_of__initialization         cinit        07FC
__end_of__stringtab              strings      0013
__end_of_clcd_print              text4        072D
__end_of_clcd_write              text5        06FE
__end_of_init_clcd               text2        06BA
__end_of_init_config             text1        06AF
__end_of_init_display_controller text3        0784
__end_of_main                    maintext     07EE
__initialization                 cinit        07EE
__pcstackBANK0                   cstackBANK0  0020
__pcstackCOMMON                  cstackCOMMON 0070
__pdataBANK0                     dataBANK0    0036
__pidataBANK0                    idataBANK0   06BA
__pmaintext                      maintext     0784
__pstrings                       strings      0003
__ptext1                         text1        06A9
__ptext2                         text2        06AF
__ptext3                         text3        072D
__ptext4                         text4        06FE
__ptext5                         text5        06DE
__stringbase                     strings      0012
__stringtab                      strings      0003
_clcd_print                      text4        06FE
_clcd_write                      text5        06DE
_init_clcd                       text2        06AF
_init_config                     text1        06A9
_init_display_controller         text3        072D
_main                            maintext     0784
btemp                            (abs)        007E
clcd_print@addr                  cstackCOMMON 0076
clcd_print@str                   cstackCOMMON 0074
clcd_write@byte                  cstackCOMMON 0073
clcd_write@mode                  cstackCOMMON 0070
end_of_initialization            cinit        07FC
init_fetch0                      inittext     06CB
init_ram0                        inittext     06CF
intlevel0                        functab      0000
intlevel1                        functab      0000
intlevel2                        functab      0000
intlevel3                        functab      0000
intlevel4                        functab      0000
intlevel5                        functab      0000
main@F860                        dataBANK0    0036
main@i                           cstackBANK0  0034
main@j                           cstackBANK0  0031
main@msg                         cstackBANK0  0020
main@temp                        cstackBANK0  0033
reset_vec                        reset_vec    0000
start                            init         0000
start_initialization             cinit        07EE
wtemp0                           (abs)        007E


MODULE INFORMATION

Module		Function		Class		Link	Load	Size
shared
		__stringtab    		STRING         	0003	0000	16
		__initialization		CODE           	07EE	0000	14

shared estimated size: 30

clcd.c
		_clcd_write    		CODE           	06DE	0000	32
		_clcd_print    		CODE           	06FE	0000	47
		_init_display_controller		CODE           	072D	0000	87
		_init_clcd     		CODE           	06AF	0000	11

clcd.c estimated size: 177

main.c
		_main          		CODE           	0784	0000	106
		_init_config   		CODE           	06A9	0000	6

main.c estimated size: 112

